  Determining projects to restore...
  All projects are up-to-date for restore.
C:\Program Files\dotnet\sdk\10.0.102\Microsoft.Common.CurrentVersion.targets(5937,5): warning MSB3061: Unable to delete file "C:\Users\Workstation\hotel\backend\artifacts\bin\Web\debug\CleanArchitecture.Web.exe". Access to the path 'C:\Users\Workstation\hotel\backend\artifacts\bin\Web\debug\CleanArchitecture.Web.exe' is denied. The file is locked by: "CleanArchitecture.Web (3288)" [C:\Users\Workstation\hotel\backend\src\Web\Web.csproj]
C:\Program Files\dotnet\sdk\10.0.102\Microsoft.Common.CurrentVersion.targets(5937,5): warning MSB3061: Unable to delete file "C:\Users\Workstation\hotel\backend\artifacts\bin\Web\debug\CleanArchitecture.Web.dll". Access to the path 'C:\Users\Workstation\hotel\backend\artifacts\bin\Web\debug\CleanArchitecture.Web.dll' is denied. The file is locked by: "CleanArchitecture.Web (3288)" [C:\Users\Workstation\hotel\backend\src\Web\Web.csproj]
C:\Program Files\dotnet\sdk\10.0.102\Microsoft.Common.CurrentVersion.targets(5937,5): warning MSB3061: Unable to delete file "C:\Users\Workstation\hotel\backend\artifacts\bin\Web\debug\Ardalis.GuardClauses.dll". Access to the path 'C:\Users\Workstation\hotel\backend\artifacts\bin\Web\debug\Ardalis.GuardClauses.dll' is denied. The file is locked by: "CleanArchitecture.Web (3288)" [C:\Users\Workstation\hotel\backend\src\Web\Web.csproj]
C:\Program Files\dotnet\sdk\10.0.102\Microsoft.Common.CurrentVersion.targets(5937,5): warning MSB3061: Unable to delete file "C:\Users\Workstation\hotel\backend\artifacts\bin\Web\debug\AutoMapper.dll". Access to the path 'C:\Users\Workstation\hotel\backend\artifacts\bin\Web\debug\AutoMapper.dll' is denied. The file is locked by: "CleanArchitecture.Web (3288)" [C:\Users\Workstation\hotel\backend\src\Web\Web.csproj]
C:\Program Files\dotnet\sdk\10.0.102\Microsoft.Common.CurrentVersion.targets(5937,5): warning MSB3061: Unable to delete file "C:\Users\Workstation\hotel\backend\artifacts\bin\Web\debug\Azure.Core.dll". Access to the path 'C:\Users\Workstation\hotel\backend\artifacts\bin\Web\debug\Azure.Core.dll' is denied. The file is locked by: "CleanArchitecture.Web (3288)" [C:\Users\Workstation\hotel\backend\src\Web\Web.csproj]
C:\Program Files\dotnet\sdk\10.0.102\Microsoft.Common.CurrentVersion.targets(5937,5): warning MSB3061: Unable to delete file "C:\Users\Workstation\hotel\backend\artifacts\bin\Web\debug\Azure.Extensions.AspNetCore.Configuration.Secrets.dll". Access to the path 'C:\Users\Workstation\hotel\backend\artifacts\bin\Web\debug\Azure.Extensions.AspNetCore.Configuration.Secrets.dll' is denied. The file is locked by: "CleanArchitecture.Web (3288)" [C:\Users\Workstation\hotel\backend\src\Web\Web.csproj]
C:\Program Files\dotnet\sdk\10.0.102\Microsoft.Common.CurrentVersion.targets(5937,5): warning MSB3061: Unable to delete file "C:\Users\Workstation\hotel\backend\artifacts\bin\Web\debug\Azure.Identity.dll". Access to the path 'C:\Users\Workstation\hotel\backend\artifacts\bin\Web\debug\Azure.Identity.dll' is denied. The file is locked by: "CleanArchitecture.Web (3288)" [C:\Users\Workstation\hotel\backend\src\Web\Web.csproj]
C:\Program Files\dotnet\sdk\10.0.102\Microsoft.Common.CurrentVersion.targets(5937,5): warning MSB3061: Unable to delete file "C:\Users\Workstation\hotel\backend\artifacts\bin\Web\debug\FluentValidation.dll". Access to the path 'C:\Users\Workstation\hotel\backend\artifacts\bin\Web\debug\FluentValidation.dll' is denied. The file is locked by: "CleanArchitecture.Web (3288)" [C:\Users\Workstation\hotel\backend\src\Web\Web.csproj]
C:\Program Files\dotnet\sdk\10.0.102\Microsoft.Common.CurrentVersion.targets(5937,5): warning MSB3061: Unable to delete file "C:\Users\Workstation\hotel\backend\artifacts\bin\Web\debug\FluentValidation.DependencyInjectionExtensions.dll". Access to the path 'C:\Users\Workstation\hotel\backend\artifacts\bin\Web\debug\FluentValidation.DependencyInjectionExtensions.dll' is denied. The file is locked by: "CleanArchitecture.Web (3288)" [C:\Users\Workstation\hotel\backend\src\Web\Web.csproj]
C:\Program Files\dotnet\sdk\10.0.102\Microsoft.Common.CurrentVersion.targets(5937,5): warning MSB3061: Unable to delete file "C:\Users\Workstation\hotel\backend\artifacts\bin\Web\debug\MediatR.dll". Access to the path 'C:\Users\Workstation\hotel\backend\artifacts\bin\Web\debug\MediatR.dll' is denied. The file is locked by: "CleanArchitecture.Web (3288)" [C:\Users\Workstation\hotel\backend\src\Web\Web.csproj]
C:\Program Files\dotnet\sdk\10.0.102\Microsoft.Common.CurrentVersion.targets(5937,5): warning MSB3061: Unable to delete file "C:\Users\Workstation\hotel\backend\artifacts\bin\Web\debug\MediatR.Contracts.dll". Access to the path 'C:\Users\Workstation\hotel\backend\artifacts\bin\Web\debug\MediatR.Contracts.dll' is denied. The file is locked by: "CleanArchitecture.Web (3288)" [C:\Users\Workstation\hotel\backend\src\Web\Web.csproj]
C:\Program Files\dotnet\sdk\10.0.102\Microsoft.Common.CurrentVersion.targets(5937,5): warning MSB3061: Unable to delete file "C:\Users\Workstation\hotel\backend\artifacts\bin\Web\debug\Microsoft.AspNetCore.Diagnostics.EntityFrameworkCore.dll". Access to the path 'C:\Users\Workstation\hotel\backend\artifacts\bin\Web\debug\Microsoft.AspNetCore.Diagnostics.EntityFrameworkCore.dll' is denied. The file is locked by: "CleanArchitecture.Web (3288)" [C:\Users\Workstation\hotel\backend\src\Web\Web.csproj]
C:\Program Files\dotnet\sdk\10.0.102\Microsoft.Common.CurrentVersion.targets(5937,5): warning MSB3061: Unable to delete file "C:\Users\Workstation\hotel\backend\artifacts\bin\Web\debug\Microsoft.AspNetCore.Identity.EntityFrameworkCore.dll". Access to the path 'C:\Users\Workstation\hotel\backend\artifacts\bin\Web\debug\Microsoft.AspNetCore.Identity.EntityFrameworkCore.dll' is denied. The file is locked by: "CleanArchitecture.Web (3288)" [C:\Users\Workstation\hotel\backend\src\Web\Web.csproj]
C:\Program Files\dotnet\sdk\10.0.102\Microsoft.Common.CurrentVersion.targets(5937,5): warning MSB3061: Unable to delete file "C:\Users\Workstation\hotel\backend\artifacts\bin\Web\debug\Microsoft.AspNetCore.Identity.UI.dll". Access to the path 'C:\Users\Workstation\hotel\backend\artifacts\bin\Web\debug\Microsoft.AspNetCore.Identity.UI.dll' is denied. The file is locked by: "CleanArchitecture.Web (3288)" [C:\Users\Workstation\hotel\backend\src\Web\Web.csproj]
C:\Program Files\dotnet\sdk\10.0.102\Microsoft.Common.CurrentVersion.targets(5937,5): warning MSB3061: Unable to delete file "C:\Users\Workstation\hotel\backend\artifacts\bin\Web\debug\Microsoft.AspNetCore.OpenApi.dll". Access to the path 'C:\Users\Workstation\hotel\backend\artifacts\bin\Web\debug\Microsoft.AspNetCore.OpenApi.dll' is denied. The file is locked by: "CleanArchitecture.Web (3288)" [C:\Users\Workstation\hotel\backend\src\Web\Web.csproj]
C:\Program Files\dotnet\sdk\10.0.102\Microsoft.Common.CurrentVersion.targets(5937,5): warning MSB3061: Unable to delete file "C:\Users\Workstation\hotel\backend\artifacts\bin\Web\debug\Microsoft.Data.Sqlite.dll". Access to the path 'C:\Users\Workstation\hotel\backend\artifacts\bin\Web\debug\Microsoft.Data.Sqlite.dll' is denied. The file is locked by: "CleanArchitecture.Web (3288)" [C:\Users\Workstation\hotel\backend\src\Web\Web.csproj]
C:\Program Files\dotnet\sdk\10.0.102\Microsoft.Common.CurrentVersion.targets(5937,5): warning MSB3061: Unable to delete file "C:\Users\Workstation\hotel\backend\artifacts\bin\Web\debug\Microsoft.EntityFrameworkCore.dll". Access to the path 'C:\Users\Workstation\hotel\backend\artifacts\bin\Web\debug\Microsoft.EntityFrameworkCore.dll' is denied. The file is locked by: "CleanArchitecture.Web (3288)" [C:\Users\Workstation\hotel\backend\src\Web\Web.csproj]
C:\Program Files\dotnet\sdk\10.0.102\Microsoft.Common.CurrentVersion.targets(5937,5): warning MSB3061: Unable to delete file "C:\Users\Workstation\hotel\backend\artifacts\bin\Web\debug\Microsoft.EntityFrameworkCore.Abstractions.dll". Access to the path 'C:\Users\Workstation\hotel\backend\artifacts\bin\Web\debug\Microsoft.EntityFrameworkCore.Abstractions.dll' is denied. The file is locked by: "CleanArchitecture.Web (3288)" [C:\Users\Workstation\hotel\backend\src\Web\Web.csproj]
C:\Program Files\dotnet\sdk\10.0.102\Microsoft.Common.CurrentVersion.targets(5937,5): warning MSB3061: Unable to delete file "C:\Users\Workstation\hotel\backend\artifacts\bin\Web\debug\Microsoft.EntityFrameworkCore.Relational.dll". Access to the path 'C:\Users\Workstation\hotel\backend\artifacts\bin\Web\debug\Microsoft.EntityFrameworkCore.Relational.dll' is denied. The file is locked by: "CleanArchitecture.Web (3288)" [C:\Users\Workstation\hotel\backend\src\Web\Web.csproj]
C:\Program Files\dotnet\sdk\10.0.102\Microsoft.Common.CurrentVersion.targets(5937,5): warning MSB3061: Unable to delete file "C:\Users\Workstation\hotel\backend\artifacts\bin\Web\debug\Microsoft.EntityFrameworkCore.Sqlite.dll". Access to the path 'C:\Users\Workstation\hotel\backend\artifacts\bin\Web\debug\Microsoft.EntityFrameworkCore.Sqlite.dll' is denied. The file is locked by: "CleanArchitecture.Web (3288)" [C:\Users\Workstation\hotel\backend\src\Web\Web.csproj]
C:\Program Files\dotnet\sdk\10.0.102\Microsoft.Common.CurrentVersion.targets(5937,5): warning MSB3061: Unable to delete file "C:\Users\Workstation\hotel\backend\artifacts\bin\Web\debug\Microsoft.Extensions.Diagnostics.HealthChecks.EntityFrameworkCore.dll". Access to the path 'C:\Users\Workstation\hotel\backend\artifacts\bin\Web\debug\Microsoft.Extensions.Diagnostics.HealthChecks.EntityFrameworkCore.dll' is denied. The file is locked by: "CleanArchitecture.Web (3288)" [C:\Users\Workstation\hotel\backend\src\Web\Web.csproj]
C:\Program Files\dotnet\sdk\10.0.102\Microsoft.Common.CurrentVersion.targets(5937,5): warning MSB3061: Unable to delete file "C:\Users\Workstation\hotel\backend\artifacts\bin\Web\debug\Namotion.Reflection.dll". Access to the path 'C:\Users\Workstation\hotel\backend\artifacts\bin\Web\debug\Namotion.Reflection.dll' is denied. The file is locked by: "CleanArchitecture.Web (3288)" [C:\Users\Workstation\hotel\backend\src\Web\Web.csproj]
C:\Program Files\dotnet\sdk\10.0.102\Microsoft.Common.CurrentVersion.targets(5937,5): warning MSB3061: Unable to delete file "C:\Users\Workstation\hotel\backend\artifacts\bin\Web\debug\Newtonsoft.Json.dll". Access to the path 'C:\Users\Workstation\hotel\backend\artifacts\bin\Web\debug\Newtonsoft.Json.dll' is denied. The file is locked by: "CleanArchitecture.Web (3288)" [C:\Users\Workstation\hotel\backend\src\Web\Web.csproj]
C:\Program Files\dotnet\sdk\10.0.102\Microsoft.Common.CurrentVersion.targets(5937,5): warning MSB3061: Unable to delete file "C:\Users\Workstation\hotel\backend\artifacts\bin\Web\debug\NJsonSchema.dll". Access to the path 'C:\Users\Workstation\hotel\backend\artifacts\bin\Web\debug\NJsonSchema.dll' is denied. The file is locked by: "CleanArchitecture.Web (3288)" [C:\Users\Workstation\hotel\backend\src\Web\Web.csproj]
C:\Program Files\dotnet\sdk\10.0.102\Microsoft.Common.CurrentVersion.targets(5937,5): warning MSB3061: Unable to delete file "C:\Users\Workstation\hotel\backend\artifacts\bin\Web\debug\NJsonSchema.Annotations.dll". Access to the path 'C:\Users\Workstation\hotel\backend\artifacts\bin\Web\debug\NJsonSchema.Annotations.dll' is denied. The file is locked by: "CleanArchitecture.Web (3288)" [C:\Users\Workstation\hotel\backend\src\Web\Web.csproj]
C:\Program Files\dotnet\sdk\10.0.102\Microsoft.Common.CurrentVersion.targets(5937,5): warning MSB3061: Unable to delete file "C:\Users\Workstation\hotel\backend\artifacts\bin\Web\debug\NJsonSchema.NewtonsoftJson.dll". Access to the path 'C:\Users\Workstation\hotel\backend\artifacts\bin\Web\debug\NJsonSchema.NewtonsoftJson.dll' is denied. The file is locked by: "CleanArchitecture.Web (3288)" [C:\Users\Workstation\hotel\backend\src\Web\Web.csproj]
C:\Program Files\dotnet\sdk\10.0.102\Microsoft.Common.CurrentVersion.targets(5937,5): warning MSB3061: Unable to delete file "C:\Users\Workstation\hotel\backend\artifacts\bin\Web\debug\NSwag.AspNetCore.dll". Access to the path 'C:\Users\Workstation\hotel\backend\artifacts\bin\Web\debug\NSwag.AspNetCore.dll' is denied. The file is locked by: "CleanArchitecture.Web (3288)" [C:\Users\Workstation\hotel\backend\src\Web\Web.csproj]
C:\Program Files\dotnet\sdk\10.0.102\Microsoft.Common.CurrentVersion.targets(5937,5): warning MSB3061: Unable to delete file "C:\Users\Workstation\hotel\backend\artifacts\bin\Web\debug\NSwag.Core.dll". Access to the path 'C:\Users\Workstation\hotel\backend\artifacts\bin\Web\debug\NSwag.Core.dll' is denied. The file is locked by: "CleanArchitecture.Web (3288)" [C:\Users\Workstation\hotel\backend\src\Web\Web.csproj]
C:\Program Files\dotnet\sdk\10.0.102\Microsoft.Common.CurrentVersion.targets(5937,5): warning MSB3061: Unable to delete file "C:\Users\Workstation\hotel\backend\artifacts\bin\Web\debug\NSwag.Generation.dll". Access to the path 'C:\Users\Workstation\hotel\backend\artifacts\bin\Web\debug\NSwag.Generation.dll' is denied. The file is locked by: "CleanArchitecture.Web (3288)" [C:\Users\Workstation\hotel\backend\src\Web\Web.csproj]
C:\Program Files\dotnet\sdk\10.0.102\Microsoft.Common.CurrentVersion.targets(5937,5): warning MSB3061: Unable to delete file "C:\Users\Workstation\hotel\backend\artifacts\bin\Web\debug\NSwag.Generation.AspNetCore.dll". Access to the path 'C:\Users\Workstation\hotel\backend\artifacts\bin\Web\debug\NSwag.Generation.AspNetCore.dll' is denied. The file is locked by: "CleanArchitecture.Web (3288)" [C:\Users\Workstation\hotel\backend\src\Web\Web.csproj]
C:\Program Files\dotnet\sdk\10.0.102\Microsoft.Common.CurrentVersion.targets(5937,5): warning MSB3061: Unable to delete file "C:\Users\Workstation\hotel\backend\artifacts\bin\Web\debug\SQLitePCLRaw.batteries_v2.dll". Access to the path 'C:\Users\Workstation\hotel\backend\artifacts\bin\Web\debug\SQLitePCLRaw.batteries_v2.dll' is denied. The file is locked by: "CleanArchitecture.Web (3288)" [C:\Users\Workstation\hotel\backend\src\Web\Web.csproj]
C:\Program Files\dotnet\sdk\10.0.102\Microsoft.Common.CurrentVersion.targets(5937,5): warning MSB3061: Unable to delete file "C:\Users\Workstation\hotel\backend\artifacts\bin\Web\debug\SQLitePCLRaw.core.dll". Access to the path 'C:\Users\Workstation\hotel\backend\artifacts\bin\Web\debug\SQLitePCLRaw.core.dll' is denied. The file is locked by: "CleanArchitecture.Web (3288)" [C:\Users\Workstation\hotel\backend\src\Web\Web.csproj]
C:\Program Files\dotnet\sdk\10.0.102\Microsoft.Common.CurrentVersion.targets(5937,5): warning MSB3061: Unable to delete file "C:\Users\Workstation\hotel\backend\artifacts\bin\Web\debug\SQLitePCLRaw.provider.e_sqlite3.dll". Access to the path 'C:\Users\Workstation\hotel\backend\artifacts\bin\Web\debug\SQLitePCLRaw.provider.e_sqlite3.dll' is denied. The file is locked by: "CleanArchitecture.Web (3288)" [C:\Users\Workstation\hotel\backend\src\Web\Web.csproj]
C:\Program Files\dotnet\sdk\10.0.102\Microsoft.Common.CurrentVersion.targets(5937,5): warning MSB3061: Unable to delete file "C:\Users\Workstation\hotel\backend\artifacts\bin\Web\debug\System.ClientModel.dll". Access to the path 'C:\Users\Workstation\hotel\backend\artifacts\bin\Web\debug\System.ClientModel.dll' is denied. The file is locked by: "CleanArchitecture.Web (3288)" [C:\Users\Workstation\hotel\backend\src\Web\Web.csproj]
C:\Program Files\dotnet\sdk\10.0.102\Microsoft.Common.CurrentVersion.targets(5937,5): warning MSB3061: Unable to delete file "C:\Users\Workstation\hotel\backend\artifacts\bin\Web\debug\runtimes\win-x64\native\e_sqlite3.dll". Access to the path 'C:\Users\Workstation\hotel\backend\artifacts\bin\Web\debug\runtimes\win-x64\native\e_sqlite3.dll' is denied. The file is locked by: "CleanArchitecture.Web (3288)" [C:\Users\Workstation\hotel\backend\src\Web\Web.csproj]
C:\Program Files\dotnet\sdk\10.0.102\Microsoft.Common.CurrentVersion.targets(5937,5): warning MSB3061: Unable to delete file "C:\Users\Workstation\hotel\backend\artifacts\bin\Web\debug\CleanArchitecture.Application.dll". Access to the path 'C:\Users\Workstation\hotel\backend\artifacts\bin\Web\debug\CleanArchitecture.Application.dll' is denied. The file is locked by: "CleanArchitecture.Web (3288)" [C:\Users\Workstation\hotel\backend\src\Web\Web.csproj]
C:\Program Files\dotnet\sdk\10.0.102\Microsoft.Common.CurrentVersion.targets(5937,5): warning MSB3061: Unable to delete file "C:\Users\Workstation\hotel\backend\artifacts\bin\Web\debug\CleanArchitecture.Domain.dll". Access to the path 'C:\Users\Workstation\hotel\backend\artifacts\bin\Web\debug\CleanArchitecture.Domain.dll' is denied. The file is locked by: "CleanArchitecture.Web (3288)" [C:\Users\Workstation\hotel\backend\src\Web\Web.csproj]
C:\Program Files\dotnet\sdk\10.0.102\Microsoft.Common.CurrentVersion.targets(5937,5): warning MSB3061: Unable to delete file "C:\Users\Workstation\hotel\backend\artifacts\bin\Web\debug\CleanArchitecture.Infrastructure.dll". Access to the path 'C:\Users\Workstation\hotel\backend\artifacts\bin\Web\debug\CleanArchitecture.Infrastructure.dll' is denied. The file is locked by: "CleanArchitecture.Web (3288)" [C:\Users\Workstation\hotel\backend\src\Web\Web.csproj]
C:\Program Files\dotnet\sdk\10.0.102\Microsoft.Common.CurrentVersion.targets(5937,5): warning MSB3061: Unable to delete file "C:\Users\Workstation\hotel\backend\artifacts\bin\Web\debug\CleanArchitecture.Application.pdb". Access to the path 'C:\Users\Workstation\hotel\backend\artifacts\bin\Web\debug\CleanArchitecture.Application.pdb' is denied. The file is locked by: "CleanArchitecture.Web (3288)" [C:\Users\Workstation\hotel\backend\src\Web\Web.csproj]
C:\Program Files\dotnet\sdk\10.0.102\Microsoft.Common.CurrentVersion.targets(5937,5): warning MSB3061: Unable to delete file "C:\Users\Workstation\hotel\backend\artifacts\bin\Web\debug\UglyToad.PdfPig.dll". Access to the path 'C:\Users\Workstation\hotel\backend\artifacts\bin\Web\debug\UglyToad.PdfPig.dll' is denied. The file is locked by: "CleanArchitecture.Web (3288)" [C:\Users\Workstation\hotel\backend\src\Web\Web.csproj]
C:\Program Files\dotnet\sdk\10.0.102\Microsoft.Common.CurrentVersion.targets(5937,5): warning MSB3061: Unable to delete file "C:\Users\Workstation\hotel\backend\artifacts\bin\Web\debug\UglyToad.PdfPig.Core.dll". Access to the path 'C:\Users\Workstation\hotel\backend\artifacts\bin\Web\debug\UglyToad.PdfPig.Core.dll' is denied. The file is locked by: "CleanArchitecture.Web (3288)" [C:\Users\Workstation\hotel\backend\src\Web\Web.csproj]
C:\Program Files\dotnet\sdk\10.0.102\Microsoft.Common.CurrentVersion.targets(5937,5): warning MSB3061: Unable to delete file "C:\Users\Workstation\hotel\backend\artifacts\bin\Web\debug\UglyToad.PdfPig.Fonts.dll". Access to the path 'C:\Users\Workstation\hotel\backend\artifacts\bin\Web\debug\UglyToad.PdfPig.Fonts.dll' is denied. The file is locked by: "CleanArchitecture.Web (3288)" [C:\Users\Workstation\hotel\backend\src\Web\Web.csproj]
C:\Program Files\dotnet\sdk\10.0.102\Microsoft.Common.CurrentVersion.targets(5937,5): warning MSB3061: Unable to delete file "C:\Users\Workstation\hotel\backend\artifacts\bin\Web\debug\UglyToad.PdfPig.Tokenization.dll". Access to the path 'C:\Users\Workstation\hotel\backend\artifacts\bin\Web\debug\UglyToad.PdfPig.Tokenization.dll' is denied. The file is locked by: "CleanArchitecture.Web (3288)" [C:\Users\Workstation\hotel\backend\src\Web\Web.csproj]
C:\Program Files\dotnet\sdk\10.0.102\Microsoft.Common.CurrentVersion.targets(5937,5): warning MSB3061: Unable to delete file "C:\Users\Workstation\hotel\backend\artifacts\bin\Web\debug\UglyToad.PdfPig.Tokens.dll". Access to the path 'C:\Users\Workstation\hotel\backend\artifacts\bin\Web\debug\UglyToad.PdfPig.Tokens.dll' is denied. The file is locked by: "CleanArchitecture.Web (3288)" [C:\Users\Workstation\hotel\backend\src\Web\Web.csproj]
  Domain -> C:\Users\Workstation\hotel\backend\artifacts\bin\Domain\debug\CleanArchitecture.Domain.dll
  ServiceDefaults -> C:\Users\Workstation\hotel\backend\artifacts\bin\ServiceDefaults\debug\CleanArchitecture.ServiceDefaults.dll
  Application -> C:\Users\Workstation\hotel\backend\artifacts\bin\Application\debug\CleanArchitecture.Application.dll
