Build started 30/01/2026 07:31:00 ?.
     1>Project "C:\Users\Workstation\hotel\backend\tests\Application.FunctionalTests\Application.FunctionalTests.csproj" on node 1 (Restore target(s)).
     1>_GetAllRestoreProjectPathItems:
         Determining projects to restore...
     1>Project "C:\Users\Workstation\hotel\backend\tests\Application.FunctionalTests\Application.FunctionalTests.csproj" (1) is building "C:\Users\Workstation\hotel\backend\src\Web\Web.csproj" (2:4) on node 1 (_GenerateProjectRestoreGraph target(s)).
     2>AddPrunePackageReferences:
         Loading prune package data from PrunePackageData folder
         Failed to load prune package data from PrunePackageData folder, loading from targeting packs instead
         Looking for targeting packs in C:\Program Files\dotnet\packs\Microsoft.NETCore.App.Ref
         Pack directories found: C:\Program Files\dotnet\packs\Microsoft.NETCore.App.Ref\10.0.2
         Found package overrides file C:\Program Files\dotnet\packs\Microsoft.NETCore.App.Ref\10.0.2\data\PackageOverrides.txt
         Loading prune package data from PrunePackageData folder
         Failed to load prune package data from PrunePackageData folder, loading from targeting packs instead
         Looking for targeting packs in C:\Program Files\dotnet\packs\Microsoft.AspNetCore.App.Ref
         Pack directories found: C:\Program Files\dotnet\packs\Microsoft.AspNetCore.App.Ref\10.0.2
         Found package overrides file C:\Program Files\dotnet\packs\Microsoft.AspNetCore.App.Ref\10.0.2\data\PackageOverrides.txt
     1>Project "C:\Users\Workstation\hotel\backend\tests\Application.FunctionalTests\Application.FunctionalTests.csproj" (1) is building "C:\Users\Workstation\hotel\backend\src\ServiceDefaults\ServiceDefaults.csproj" (6:4) on node 3 (_GenerateProjectRestoreGraph target(s)).
     6>AddPrunePackageReferences:
         Loading prune package data from PrunePackageData folder
         Failed to load prune package data from PrunePackageData folder, loading from targeting packs instead
         Looking for targeting packs in C:\Program Files\dotnet\packs\Microsoft.NETCore.App.Ref
         Pack directories found: C:\Program Files\dotnet\packs\Microsoft.NETCore.App.Ref\10.0.2
         Found package overrides file C:\Program Files\dotnet\packs\Microsoft.NETCore.App.Ref\10.0.2\data\PackageOverrides.txt
         Loading prune package data from PrunePackageData folder
         Failed to load prune package data from PrunePackageData folder, loading from targeting packs instead
         Looking for targeting packs in C:\Program Files\dotnet\packs\Microsoft.AspNetCore.App.Ref
         Pack directories found: C:\Program Files\dotnet\packs\Microsoft.AspNetCore.App.Ref\10.0.2
         Found package overrides file C:\Program Files\dotnet\packs\Microsoft.AspNetCore.App.Ref\10.0.2\data\PackageOverrides.txt
     2>Done Building Project "C:\Users\Workstation\hotel\backend\src\Web\Web.csproj" (_GenerateProjectRestoreGraph target(s)).
     6>Done Building Project "C:\Users\Workstation\hotel\backend\src\ServiceDefaults\ServiceDefaults.csproj" (_GenerateProjectRestoreGraph target(s)).
     1>Project "C:\Users\Workstation\hotel\backend\tests\Application.FunctionalTests\Application.FunctionalTests.csproj" (1) is building "C:\Users\Workstation\hotel\backend\src\Application\Application.csproj" (3:5) on node 1 (_GenerateProjectRestoreGraph target(s)).
     3>AddPrunePackageReferences:
         Loading prune package data from PrunePackageData folder
         Failed to load prune package data from PrunePackageData folder, loading from targeting packs instead
         Looking for targeting packs in C:\Program Files\dotnet\packs\Microsoft.NETCore.App.Ref
         Pack directories found: C:\Program Files\dotnet\packs\Microsoft.NETCore.App.Ref\10.0.2
         Found package overrides file C:\Program Files\dotnet\packs\Microsoft.NETCore.App.Ref\10.0.2\data\PackageOverrides.txt
     1>Project "C:\Users\Workstation\hotel\backend\tests\Application.FunctionalTests\Application.FunctionalTests.csproj" (1) is building "C:\Users\Workstation\hotel\backend\src\Infrastructure\Infrastructure.csproj" (5:4) on node 2 (_GenerateProjectRestoreGraph target(s)).
     5>AddPrunePackageReferences:
         Loading prune package data from PrunePackageData folder
         Failed to load prune package data from PrunePackageData folder, loading from targeting packs instead
         Looking for targeting packs in C:\Program Files\dotnet\packs\Microsoft.NETCore.App.Ref
         Pack directories found: C:\Program Files\dotnet\packs\Microsoft.NETCore.App.Ref\10.0.2
         Found package overrides file C:\Program Files\dotnet\packs\Microsoft.NETCore.App.Ref\10.0.2\data\PackageOverrides.txt
     5>Done Building Project "C:\Users\Workstation\hotel\backend\src\Infrastructure\Infrastructure.csproj" (_GenerateProjectRestoreGraph target(s)).
     3>Done Building Project "C:\Users\Workstation\hotel\backend\src\Application\Application.csproj" (_GenerateProjectRestoreGraph target(s)).
     1>Restore:
         X.509 certificate chain validation will use the default trust store selected by .NET for code signing.
         X.509 certificate chain validation will use the default trust store selected by .NET for timestamping.
         Assets file has not changed. Skipping assets file writing. Path: C:\Users\Workstation\hotel\backend\artifacts\obj\Application\project.assets.json
         Assets file has not changed. Skipping assets file writing. Path: C:\Users\Workstation\hotel\backend\artifacts\obj\Domain\project.assets.json
         Assets file has not changed. Skipping assets file writing. Path: C:\Users\Workstation\hotel\backend\artifacts\obj\ServiceDefaults\project.assets.json
         Restored C:\Users\Workstation\hotel\backend\src\Domain\Domain.csproj (in 145 ms).
         Restored C:\Users\Workstation\hotel\backend\src\ServiceDefaults\ServiceDefaults.csproj (in 145 ms).
         Restored C:\Users\Workstation\hotel\backend\src\Application\Application.csproj (in 147 ms).
         Assets file has not changed. Skipping assets file writing. Path: C:\Users\Workstation\hotel\backend\artifacts\obj\Application.FunctionalTests\project.assets.json
         Restored C:\Users\Workstation\hotel\backend\tests\Application.FunctionalTests\Application.FunctionalTests.csproj (in 159 ms).
         Assets file has not changed. Skipping assets file writing. Path: C:\Users\Workstation\hotel\backend\artifacts\obj\Infrastructure\project.assets.json
         Restored C:\Users\Workstation\hotel\backend\src\Infrastructure\Infrastructure.csproj (in 8 ms).
         Assets file has not changed. Skipping assets file writing. Path: C:\Users\Workstation\hotel\backend\artifacts\obj\Web\project.assets.json
         Restored C:\Users\Workstation\hotel\backend\src\Web\Web.csproj (in 12 ms).
         
         NuGet Config files used:
             C:\Users\Workstation\AppData\Roaming\NuGet\NuGet.Config
         
         Feeds used:
             https://api.nuget.org/v3/index.json
         All projects are up-to-date for restore.
     1>Done Building Project "C:\Users\Workstation\hotel\backend\tests\Application.FunctionalTests\Application.FunctionalTests.csproj" (Restore target(s)).
   1:7>Project "C:\Users\Workstation\hotel\backend\tests\Application.FunctionalTests\Application.FunctionalTests.csproj" on node 2 (default targets).
   1:7>Project "C:\Users\Workstation\hotel\backend\tests\Application.FunctionalTests\Application.FunctionalTests.csproj" (1:7) is building "C:\Users\Workstation\hotel\backend\src\Domain\Domain.csproj" (4:6) on node 1 (default targets).
     4>GenerateTargetFrameworkMonikerAttribute:
       Skipping target "GenerateTargetFrameworkMonikerAttribute" because all output files are up-to-date with respect to the input files.
       CoreGenerateAssemblyInfo:
       Skipping target "CoreGenerateAssemblyInfo" because all output files are up-to-date with respect to the input files.
       _GenerateSourceLinkFile:
         Source Link file 'C:\Users\Workstation\hotel\backend\artifacts\obj\Domain\debug\Domain.sourcelink.json' is up-to-date.
       CoreCompile:
       Skipping target "CoreCompile" because all output files are up-to-date with respect to the input files.
       GenerateBuildDependencyFile:
       Skipping target "GenerateBuildDependencyFile" because all output files are up-to-date with respect to the input files.
       CopyFilesToOutputDirectory:
         Domain -> C:\Users\Workstation\hotel\backend\artifacts\bin\Domain\debug\CleanArchitecture.Domain.dll
     4>Done Building Project "C:\Users\Workstation\hotel\backend\src\Domain\Domain.csproj" (default targets).
   1:7>Project "C:\Users\Workstation\hotel\backend\tests\Application.FunctionalTests\Application.FunctionalTests.csproj" (1:7) is building "C:\Users\Workstation\hotel\backend\src\ServiceDefaults\ServiceDefaults.csproj" (6:7) on node 2 (default targets).
     6>GenerateTargetFrameworkMonikerAttribute:
       Skipping target "GenerateTargetFrameworkMonikerAttribute" because all output files are up-to-date with respect to the input files.
       CoreGenerateAssemblyInfo:
       Skipping target "CoreGenerateAssemblyInfo" because all output files are up-to-date with respect to the input files.
       _GenerateSourceLinkFile:
         Source Link file 'C:\Users\Workstation\hotel\backend\artifacts\obj\ServiceDefaults\debug\ServiceDefaults.sourcelink.json' is up-to-date.
       CoreCompile:
       Skipping target "CoreCompile" because all output files are up-to-date with respect to the input files.
       GenerateBuildDependencyFile:
       Skipping target "GenerateBuildDependencyFile" because all output files are up-to-date with respect to the input files.
       CopyFilesToOutputDirectory:
         ServiceDefaults -> C:\Users\Workstation\hotel\backend\artifacts\bin\ServiceDefaults\debug\CleanArchitecture.ServiceDefaults.dll
     6>Done Building Project "C:\Users\Workstation\hotel\backend\src\ServiceDefaults\ServiceDefaults.csproj" (default targets).
   1:7>Project "C:\Users\Workstation\hotel\backend\tests\Application.FunctionalTests\Application.FunctionalTests.csproj" (1:7) is building "C:\Users\Workstation\hotel\backend\src\Application\Application.csproj" (3:7) on node 2 (default targets).
     3>GenerateTargetFrameworkMonikerAttribute:
       Skipping target "GenerateTargetFrameworkMonikerAttribute" because all output files are up-to-date with respect to the input files.
       CoreGenerateAssemblyInfo:
       Skipping target "CoreGenerateAssemblyInfo" because all output files are up-to-date with respect to the input files.
       _GenerateSourceLinkFile:
         Source Link file 'C:\Users\Workstation\hotel\backend\artifacts\obj\Application\debug\Application.sourcelink.json' is up-to-date.
       CoreCompile:
       Skipping target "CoreCompile" because all output files are up-to-date with respect to the input files.
       GenerateBuildDependencyFile:
       Skipping target "GenerateBuildDependencyFile" because all output files are up-to-date with respect to the input files.
       CopyFilesToOutputDirectory:
         Application -> C:\Users\Workstation\hotel\backend\artifacts\bin\Application\debug\CleanArchitecture.Application.dll
     3>Done Building Project "C:\Users\Workstation\hotel\backend\src\Application\Application.csproj" (default targets).
   1:7>Project "C:\Users\Workstation\hotel\backend\tests\Application.FunctionalTests\Application.FunctionalTests.csproj" (1:7) is building "C:\Users\Workstation\hotel\backend\src\Infrastructure\Infrastructure.csproj" (5:6) on node 4 (default targets).
     5>GenerateTargetFrameworkMonikerAttribute:
       Skipping target "GenerateTargetFrameworkMonikerAttribute" because all output files are up-to-date with respect to the input files.
       CoreGenerateAssemblyInfo:
       Skipping target "CoreGenerateAssemblyInfo" because all output files are up-to-date with respect to the input files.
       _GenerateSourceLinkFile:
         Source Link file 'C:\Users\Workstation\hotel\backend\artifacts\obj\Infrastructure\debug\Infrastructure.sourcelink.json' is up-to-date.
       CoreCompile:
       Skipping target "CoreCompile" because all output files are up-to-date with respect to the input files.
       _CopyOutOfDateSourceItemsToOutputDirectory:
       Skipping target "_CopyOutOfDateSourceItemsToOutputDirectory" because all output files are up-to-date with respect to the input files.
       GenerateBuildDependencyFile:
       Skipping target "GenerateBuildDependencyFile" because all output files are up-to-date with respect to the input files.
       CopyFilesToOutputDirectory:
         Infrastructure -> C:\Users\Workstation\hotel\backend\artifacts\bin\Infrastructure\debug\CleanArchitecture.Infrastructure.dll
     5>Done Building Project "C:\Users\Workstation\hotel\backend\src\Infrastructure\Infrastructure.csproj" (default targets).
   1:7>Project "C:\Users\Workstation\hotel\backend\tests\Application.FunctionalTests\Application.FunctionalTests.csproj" (1:7) is building "C:\Users\Workstation\hotel\backend\src\Web\Web.csproj" (2:6) on node 3 (default targets).
     2>GenerateTargetFrameworkMonikerAttribute:
       Skipping target "GenerateTargetFrameworkMonikerAttribute" because all output files are up-to-date with respect to the input files.
       CoreGenerateAssemblyInfo:
       Skipping target "CoreGenerateAssemblyInfo" because all output files are up-to-date with respect to the input files.
       _DiscoverMvcApplicationParts:
       Skipping target "_DiscoverMvcApplicationParts" because all output files are up-to-date with respect to the input files.
       _CoreGenerateRazorAssemblyInfo:
       Skipping target "_CoreGenerateRazorAssemblyInfo" because all output files are up-to-date with respect to the input files.
       _GenerateSourceLinkFile:
         Source Link file 'C:\Users\Workstation\hotel\backend\artifacts\obj\Web\debug\Web.sourcelink.json' is up-to-date.
       CoreCompile:
       Skipping target "CoreCompile" because all output files are up-to-date with respect to the input files.
       _CreateAppHost:
       Skipping target "_CreateAppHost" because all output files are up-to-date with respect to the input files.
       _ProcessScopedCssFiles:
       Skipping target "_ProcessScopedCssFiles" because it has no outputs.
       _ProcessScopedCssFiles:
       Skipping target "_ProcessScopedCssFiles" because it has no outputs.
       ResolveBuildCompressedStaticWebAssetsConfiguration:
         Accepted compressed asset 'C:\Users\Workstation\hotel\backend\artifacts\obj\Web\debug\compressed\ofa40bqe71-{0}-b9sayid5wm-b9sayid5wm.gz' for 'C:\Users\Workstation\.nuget\packages\microsoft.aspnetcore.identity.ui\10.0.0\staticwebassets\V5\css\site.css'.
         Accepted compressed asset 'C:\Users\Workstation\hotel\backend\artifacts\obj\Web\debug\compressed\j9swiz3yzq-{0}-90yqlj465b-90yqlj465b.gz' for 'C:\Users\Workstation\.nuget\packages\microsoft.aspnetcore.identity.ui\10.0.0\staticwebassets\V5\favicon.ico'.
         Accepted compressed asset 'C:\Users\Workstation\hotel\backend\artifacts\obj\Web\debug\compressed\vltxs1u3vm-{0}-xtxxf3hu2r-xtxxf3hu2r.gz' for 'C:\Users\Workstation\.nuget\packages\microsoft.aspnetcore.identity.ui\10.0.0\staticwebassets\V5\js\site.js'.
         Accepted compressed asset 'C:\Users\Workstation\hotel\backend\artifacts\obj\Web\debug\compressed\14ipv7q33s-{0}-bqjiyaj88i-bqjiyaj88i.gz' for 'C:\Users\Workstation\.nuget\packages\microsoft.aspnetcore.identity.ui\10.0.0\staticwebassets\V5\lib\bootstrap\dist\css\bootstrap-grid.css'.
         Accepted compressed asset 'C:\Users\Workstation\hotel\backend\artifacts\obj\Web\debug\compressed\rh65p086id-{0}-c2jlpeoesf-c2jlpeoesf.gz' for 'C:\Users\Workstation\.nuget\packages\microsoft.aspnetcore.identity.ui\10.0.0\staticwebassets\V5\lib\bootstrap\dist\css\bootstrap-grid.css.map'.
         Accepted compressed asset 'C:\Users\Workstation\hotel\backend\artifacts\obj\Web\debug\compressed\eb27mqwgz2-{0}-erw9l3u2r3-erw9l3u2r3.gz' for 'C:\Users\Workstation\.nuget\packages\microsoft.aspnetcore.identity.ui\10.0.0\staticwebassets\V5\lib\bootstrap\dist\css\bootstrap-grid.min.css'.
         Accepted compressed asset 'C:\Users\Workstation\hotel\backend\artifacts\obj\Web\debug\compressed\9glsckmvxo-{0}-aexeepp0ev-aexeepp0ev.gz' for 'C:\Users\Workstation\.nuget\packages\microsoft.aspnetcore.identity.ui\10.0.0\staticwebassets\V5\lib\bootstrap\dist\css\bootstrap-grid.min.css.map'.
         Accepted compressed asset 'C:\Users\Workstation\hotel\backend\artifacts\obj\Web\debug\compressed\hh8ihyobdx-{0}-d7shbmvgxk-d7shbmvgxk.gz' for 'C:\Users\Workstation\.nuget\packages\microsoft.aspnetcore.identity.ui\10.0.0\staticwebassets\V5\lib\bootstrap\dist\css\bootstrap-grid.rtl.css'.
         Accepted compressed asset 'C:\Users\Workstation\hotel\backend\artifacts\obj\Web\debug\compressed\bww8ud00yd-{0}-ausgxo2sd3-ausgxo2sd3.gz' for 'C:\Users\Workstation\.nuget\packages\microsoft.aspnetcore.identity.ui\10.0.0\staticwebassets\V5\lib\bootstrap\dist\css\bootstrap-grid.rtl.css.map'.
         Accepted compressed asset 'C:\Users\Workstation\hotel\backend\artifacts\obj\Web\debug\compressed\edcrak57d7-{0}-k8d9w2qqmf-k8d9w2qqmf.gz' for 'C:\Users\Workstation\.nuget\packages\microsoft.aspnetcore.identity.ui\10.0.0\staticwebassets\V5\lib\bootstrap\dist\css\bootstrap-grid.rtl.min.css'.
         Accepted compressed asset 'C:\Users\Workstation\hotel\backend\artifacts\obj\Web\debug\compressed\sf8kf2lula-{0}-cosvhxvwiu-cosvhxvwiu.gz' for 'C:\Users\Workstation\.nuget\packages\microsoft.aspnetcore.identity.ui\10.0.0\staticwebassets\V5\lib\bootstrap\dist\css\bootstrap-grid.rtl.min.css.map'.
         Accepted compressed asset 'C:\Users\Workstation\hotel\backend\artifacts\obj\Web\debug\compressed\3tzsqhslk9-{0}-ub07r2b239-ub07r2b239.gz' for 'C:\Users\Workstation\.nuget\packages\microsoft.aspnetcore.identity.ui\10.0.0\staticwebassets\V5\lib\bootstrap\dist\css\bootstrap-reboot.css'.
         Accepted compressed asset 'C:\Users\Workstation\hotel\backend\artifacts\obj\Web\debug\compressed\oxk5o6czdw-{0}-fvhpjtyr6v-fvhpjtyr6v.gz' for 'C:\Users\Workstation\.nuget\packages\microsoft.aspnetcore.identity.ui\10.0.0\staticwebassets\V5\lib\bootstrap\dist\css\bootstrap-reboot.css.map'.
         Accepted compressed asset 'C:\Users\Workstation\hotel\backend\artifacts\obj\Web\debug\compressed\k8b25g0zwc-{0}-b7pk76d08c-b7pk76d08c.gz' for 'C:\Users\Workstation\.nuget\packages\microsoft.aspnetcore.identity.ui\10.0.0\staticwebassets\V5\lib\bootstrap\dist\css\bootstrap-reboot.min.css'.
         Accepted compressed asset 'C:\Users\Workstation\hotel\backend\artifacts\obj\Web\debug\compressed\8axix7wldr-{0}-fsbi9cje9m-fsbi9cje9m.gz' for 'C:\Users\Workstation\.nuget\packages\microsoft.aspnetcore.identity.ui\10.0.0\staticwebassets\V5\lib\bootstrap\dist\css\bootstrap-reboot.min.css.map'.
         Accepted compressed asset 'C:\Users\Workstation\hotel\backend\artifacts\obj\Web\debug\compressed\d5z9sfpxbi-{0}-rzd6atqjts-rzd6atqjts.gz' for 'C:\Users\Workstation\.nuget\packages\microsoft.aspnetcore.identity.ui\10.0.0\staticwebassets\V5\lib\bootstrap\dist\css\bootstrap-reboot.rtl.css'.
         Accepted compressed asset 'C:\Users\Workstation\hotel\backend\artifacts\obj\Web\debug\compressed\u8428c4e9i-{0}-ee0r1s7dh0-ee0r1s7dh0.gz' for 'C:\Users\Workstation\.nuget\packages\microsoft.aspnetcore.identity.ui\10.0.0\staticwebassets\V5\lib\bootstrap\dist\css\bootstrap-reboot.rtl.css.map'.
         Accepted compressed asset 'C:\Users\Workstation\hotel\backend\artifacts\obj\Web\debug\compressed\tg53r17ghy-{0}-dxx9fxp4il-dxx9fxp4il.gz' for 'C:\Users\Workstation\.nuget\packages\microsoft.aspnetcore.identity.ui\10.0.0\staticwebassets\V5\lib\bootstrap\dist\css\bootstrap-reboot.rtl.min.css'.
         Accepted compressed asset 'C:\Users\Workstation\hotel\backend\artifacts\obj\Web\debug\compressed\nlrl0f3xs3-{0}-jd9uben2k1-jd9uben2k1.gz' for 'C:\Users\Workstation\.nuget\packages\microsoft.aspnetcore.identity.ui\10.0.0\staticwebassets\V5\lib\bootstrap\dist\css\bootstrap-reboot.rtl.min.css.map'.
         Accepted compressed asset 'C:\Users\Workstation\hotel\backend\artifacts\obj\Web\debug\compressed\1fc4q00scq-{0}-khv3u5hwcm-khv3u5hwcm.gz' for 'C:\Users\Workstation\.nuget\packages\microsoft.aspnetcore.identity.ui\10.0.0\staticwebassets\V5\lib\bootstrap\dist\css\bootstrap-utilities.css'.
         Accepted compressed asset 'C:\Users\Workstation\hotel\backend\artifacts\obj\Web\debug\compressed\8xykfy6qmd-{0}-r4e9w2rdcm-r4e9w2rdcm.gz' for 'C:\Users\Workstation\.nuget\packages\microsoft.aspnetcore.identity.ui\10.0.0\staticwebassets\V5\lib\bootstrap\dist\css\bootstrap-utilities.css.map'.
         Accepted compressed asset 'C:\Users\Workstation\hotel\backend\artifacts\obj\Web\debug\compressed\vsrbd71spn-{0}-lcd1t2u6c8-lcd1t2u6c8.gz' for 'C:\Users\Workstation\.nuget\packages\microsoft.aspnetcore.identity.ui\10.0.0\staticwebassets\V5\lib\bootstrap\dist\css\bootstrap-utilities.min.css'.
         Accepted compressed asset 'C:\Users\Workstation\hotel\backend\artifacts\obj\Web\debug\compressed\cynp17w084-{0}-c2oey78nd0-c2oey78nd0.gz' for 'C:\Users\Workstation\.nuget\packages\microsoft.aspnetcore.identity.ui\10.0.0\staticwebassets\V5\lib\bootstrap\dist\css\bootstrap-utilities.min.css.map'.
         Accepted compressed asset 'C:\Users\Workstation\hotel\backend\artifacts\obj\Web\debug\compressed\7o8oyvng68-{0}-tdbxkamptv-tdbxkamptv.gz' for 'C:\Users\Workstation\.nuget\packages\microsoft.aspnetcore.identity.ui\10.0.0\staticwebassets\V5\lib\bootstrap\dist\css\bootstrap-utilities.rtl.css'.
         Accepted compressed asset 'C:\Users\Workstation\hotel\backend\artifacts\obj\Web\debug\compressed\h9vwtoirpy-{0}-j5mq2jizvt-j5mq2jizvt.gz' for 'C:\Users\Workstation\.nuget\packages\microsoft.aspnetcore.identity.ui\10.0.0\staticwebassets\V5\lib\bootstrap\dist\css\bootstrap-utilities.rtl.css.map'.
         Accepted compressed asset 'C:\Users\Workstation\hotel\backend\artifacts\obj\Web\debug\compressed\o5k23vqhrk-{0}-06098lyss8-06098lyss8.gz' for 'C:\Users\Workstation\.nuget\packages\microsoft.aspnetcore.identity.ui\10.0.0\staticwebassets\V5\lib\bootstrap\dist\css\bootstrap-utilities.rtl.min.css'.
         Accepted compressed asset 'C:\Users\Workstation\hotel\backend\artifacts\obj\Web\debug\compressed\iznc766avz-{0}-nvvlpmu67g-nvvlpmu67g.gz' for 'C:\Users\Workstation\.nuget\packages\microsoft.aspnetcore.identity.ui\10.0.0\staticwebassets\V5\lib\bootstrap\dist\css\bootstrap-utilities.rtl.min.css.map'.
         Accepted compressed asset 'C:\Users\Workstation\hotel\backend\artifacts\obj\Web\debug\compressed\ns4583i71s-{0}-s35ty4nyc5-s35ty4nyc5.gz' for 'C:\Users\Workstation\.nuget\packages\microsoft.aspnetcore.identity.ui\10.0.0\staticwebassets\V5\lib\bootstrap\dist\css\bootstrap.css'.
         Accepted compressed asset 'C:\Users\Workstation\hotel\backend\artifacts\obj\Web\debug\compressed\47012z8l2l-{0}-pj5nd1wqec-pj5nd1wqec.gz' for 'C:\Users\Workstation\.nuget\packages\microsoft.aspnetcore.identity.ui\10.0.0\staticwebassets\V5\lib\bootstrap\dist\css\bootstrap.css.map'.
         Accepted compressed asset 'C:\Users\Workstation\hotel\backend\artifacts\obj\Web\debug\compressed\4vzefxwp2m-{0}-46ein0sx1k-46ein0sx1k.gz' for 'C:\Users\Workstation\.nuget\packages\microsoft.aspnetcore.identity.ui\10.0.0\staticwebassets\V5\lib\bootstrap\dist\css\bootstrap.min.css'.
         Accepted compressed asset 'C:\Users\Workstation\hotel\backend\artifacts\obj\Web\debug\compressed\bh4v3mdph9-{0}-v0zj4ognzu-v0zj4ognzu.gz' for 'C:\Users\Workstation\.nuget\packages\microsoft.aspnetcore.identity.ui\10.0.0\staticwebassets\V5\lib\bootstrap\dist\css\bootstrap.min.css.map'.
         Accepted compressed asset 'C:\Users\Workstation\hotel\backend\artifacts\obj\Web\debug\compressed\l186vlgaag-{0}-37tfw0ft22-37tfw0ft22.gz' for 'C:\Users\Workstation\.nuget\packages\microsoft.aspnetcore.identity.ui\10.0.0\staticwebassets\V5\lib\bootstrap\dist\css\bootstrap.rtl.css'.
         Accepted compressed asset 'C:\Users\Workstation\hotel\backend\artifacts\obj\Web\debug\compressed\rsc7qacj1u-{0}-hrwsygsryq-hrwsygsryq.gz' for 'C:\Users\Workstation\.nuget\packages\microsoft.aspnetcore.identity.ui\10.0.0\staticwebassets\V5\lib\bootstrap\dist\css\bootstrap.rtl.css.map'.
         Accepted compressed asset 'C:\Users\Workstation\hotel\backend\artifacts\obj\Web\debug\compressed\z408qb6q7a-{0}-pk9g2wxc8p-pk9g2wxc8p.gz' for 'C:\Users\Workstation\.nuget\packages\microsoft.aspnetcore.identity.ui\10.0.0\staticwebassets\V5\lib\bootstrap\dist\css\bootstrap.rtl.min.css'.
         Accepted compressed asset 'C:\Users\Workstation\hotel\backend\artifacts\obj\Web\debug\compressed\qfr28sqcy1-{0}-ft3s53vfgj-ft3s53vfgj.gz' for 'C:\Users\Workstation\.nuget\packages\microsoft.aspnetcore.identity.ui\10.0.0\staticwebassets\V5\lib\bootstrap\dist\css\bootstrap.rtl.min.css.map'.
         Accepted compressed asset 'C:\Users\Workstation\hotel\backend\artifacts\obj\Web\debug\compressed\0k1i85ntyh-{0}-6cfz1n2cew-6cfz1n2cew.gz' for 'C:\Users\Workstation\.nuget\packages\microsoft.aspnetcore.identity.ui\10.0.0\staticwebassets\V5\lib\bootstrap\dist\js\bootstrap.bundle.js'.
         Accepted compressed asset 'C:\Users\Workstation\hotel\backend\artifacts\obj\Web\debug\compressed\xa379ftczi-{0}-6pdc2jztkx-6pdc2jztkx.gz' for 'C:\Users\Workstation\.nuget\packages\microsoft.aspnetcore.identity.ui\10.0.0\staticwebassets\V5\lib\bootstrap\dist\js\bootstrap.bundle.js.map'.
         Accepted compressed asset 'C:\Users\Workstation\hotel\backend\artifacts\obj\Web\debug\compressed\lr5hmrr0j7-{0}-493y06b0oq-493y06b0oq.gz' for 'C:\Users\Workstation\.nuget\packages\microsoft.aspnetcore.identity.ui\10.0.0\staticwebassets\V5\lib\bootstrap\dist\js\bootstrap.bundle.min.js'.
         Accepted compressed asset 'C:\Users\Workstation\hotel\backend\artifacts\obj\Web\debug\compressed\ivy2s9gwh5-{0}-iovd86k7lj-iovd86k7lj.gz' for 'C:\Users\Workstation\.nuget\packages\microsoft.aspnetcore.identity.ui\10.0.0\staticwebassets\V5\lib\bootstrap\dist\js\bootstrap.bundle.min.js.map'.
         Accepted compressed asset 'C:\Users\Workstation\hotel\backend\artifacts\obj\Web\debug\compressed\higufxz8op-{0}-vr1egmr9el-vr1egmr9el.gz' for 'C:\Users\Workstation\.nuget\packages\microsoft.aspnetcore.identity.ui\10.0.0\staticwebassets\V5\lib\bootstrap\dist\js\bootstrap.esm.js'.
         Accepted compressed asset 'C:\Users\Workstation\hotel\backend\artifacts\obj\Web\debug\compressed\s3tglgz8hr-{0}-kbrnm935zg-kbrnm935zg.gz' for 'C:\Users\Workstation\.nuget\packages\microsoft.aspnetcore.identity.ui\10.0.0\staticwebassets\V5\lib\bootstrap\dist\js\bootstrap.esm.js.map'.
         Accepted compressed asset 'C:\Users\Workstation\hotel\backend\artifacts\obj\Web\debug\compressed\vw9sls9bhj-{0}-jj8uyg4cgr-jj8uyg4cgr.gz' for 'C:\Users\Workstation\.nuget\packages\microsoft.aspnetcore.identity.ui\10.0.0\staticwebassets\V5\lib\bootstrap\dist\js\bootstrap.esm.min.js'.
         Accepted compressed asset 'C:\Users\Workstation\hotel\backend\artifacts\obj\Web\debug\compressed\ym8tkpcl2i-{0}-y7v9cxd14o-y7v9cxd14o.gz' for 'C:\Users\Workstation\.nuget\packages\microsoft.aspnetcore.identity.ui\10.0.0\staticwebassets\V5\lib\bootstrap\dist\js\bootstrap.esm.min.js.map'.
         Accepted compressed asset 'C:\Users\Workstation\hotel\backend\artifacts\obj\Web\debug\compressed\zzna4nrm5w-{0}-notf2xhcfb-notf2xhcfb.gz' for 'C:\Users\Workstation\.nuget\packages\microsoft.aspnetcore.identity.ui\10.0.0\staticwebassets\V5\lib\bootstrap\dist\js\bootstrap.js'.
         Accepted compressed asset 'C:\Users\Workstation\hotel\backend\artifacts\obj\Web\debug\compressed\igscs4x0yk-{0}-h1s4sie4z3-h1s4sie4z3.gz' for 'C:\Users\Workstation\.nuget\packages\microsoft.aspnetcore.identity.ui\10.0.0\staticwebassets\V5\lib\bootstrap\dist\js\bootstrap.js.map'.
         Accepted compressed asset 'C:\Users\Workstation\hotel\backend\artifacts\obj\Web\debug\compressed\zap00c0tb5-{0}-63fj8s7r0e-63fj8s7r0e.gz' for 'C:\Users\Workstation\.nuget\packages\microsoft.aspnetcore.identity.ui\10.0.0\staticwebassets\V5\lib\bootstrap\dist\js\bootstrap.min.js'.
         Accepted compressed asset 'C:\Users\Workstation\hotel\backend\artifacts\obj\Web\debug\compressed\pogzkicjpz-{0}-0j3bgjxly4-0j3bgjxly4.gz' for 'C:\Users\Workstation\.nuget\packages\microsoft.aspnetcore.identity.ui\10.0.0\staticwebassets\V5\lib\bootstrap\dist\js\bootstrap.min.js.map'.
         Accepted compressed asset 'C:\Users\Workstation\hotel\backend\artifacts\obj\Web\debug\compressed\j3hwsq15kh-{0}-47otxtyo56-47otxtyo56.gz' for 'C:\Users\Workstation\.nuget\packages\microsoft.aspnetcore.identity.ui\10.0.0\staticwebassets\V5\lib\jquery-validation-unobtrusive\dist\jquery.validate.unobtrusive.js'.
         Accepted compressed asset 'C:\Users\Workstation\hotel\backend\artifacts\obj\Web\debug\compressed\q3naettu8c-{0}-4v8eqarkd7-4v8eqarkd7.gz' for 'C:\Users\Workstation\.nuget\packages\microsoft.aspnetcore.identity.ui\10.0.0\staticwebassets\V5\lib\jquery-validation-unobtrusive\dist\jquery.validate.unobtrusive.min.js'.
         Accepted compressed asset 'C:\Users\Workstation\hotel\backend\artifacts\obj\Web\debug\compressed\ldxy2n3w6q-{0}-356vix0kms-356vix0kms.gz' for 'C:\Users\Workstation\.nuget\packages\microsoft.aspnetcore.identity.ui\10.0.0\staticwebassets\V5\lib\jquery-validation-unobtrusive\LICENSE.txt'.
         Accepted compressed asset 'C:\Users\Workstation\hotel\backend\artifacts\obj\Web\debug\compressed\ypthv7q62w-{0}-83jwlth58m-83jwlth58m.gz' for 'C:\Users\Workstation\.nuget\packages\microsoft.aspnetcore.identity.ui\10.0.0\staticwebassets\V5\lib\jquery-validation\dist\additional-methods.js'.
         Accepted compressed asset 'C:\Users\Workstation\hotel\backend\artifacts\obj\Web\debug\compressed\t6e3b82hrf-{0}-mrlpezrjn3-mrlpezrjn3.gz' for 'C:\Users\Workstation\.nuget\packages\microsoft.aspnetcore.identity.ui\10.0.0\staticwebassets\V5\lib\jquery-validation\dist\additional-methods.min.js'.
         Accepted compressed asset 'C:\Users\Workstation\hotel\backend\artifacts\obj\Web\debug\compressed\uocis9wxbx-{0}-lzl9nlhx6b-lzl9nlhx6b.gz' for 'C:\Users\Workstation\.nuget\packages\microsoft.aspnetcore.identity.ui\10.0.0\staticwebassets\V5\lib\jquery-validation\dist\jquery.validate.js'.
         Accepted compressed asset 'C:\Users\Workstation\hotel\backend\artifacts\obj\Web\debug\compressed\2tikzqlmtu-{0}-ag7o75518u-ag7o75518u.gz' for 'C:\Users\Workstation\.nuget\packages\microsoft.aspnetcore.identity.ui\10.0.0\staticwebassets\V5\lib\jquery-validation\dist\jquery.validate.min.js'.
         Accepted compressed asset 'C:\Users\Workstation\hotel\backend\artifacts\obj\Web\debug\compressed\9muusbdg0a-{0}-x0q3zqp4vz-x0q3zqp4vz.gz' for 'C:\Users\Workstation\.nuget\packages\microsoft.aspnetcore.identity.ui\10.0.0\staticwebassets\V5\lib\jquery-validation\LICENSE.md'.
         Accepted compressed asset 'C:\Users\Workstation\hotel\backend\artifacts\obj\Web\debug\compressed\tpsq5dibur-{0}-0i3buxo5is-0i3buxo5is.gz' for 'C:\Users\Workstation\.nuget\packages\microsoft.aspnetcore.identity.ui\10.0.0\staticwebassets\V5\lib\jquery\dist\jquery.js'.
         Accepted compressed asset 'C:\Users\Workstation\hotel\backend\artifacts\obj\Web\debug\compressed\t0qo7o574p-{0}-o1o13a6vjx-o1o13a6vjx.gz' for 'C:\Users\Workstation\.nuget\packages\microsoft.aspnetcore.identity.ui\10.0.0\staticwebassets\V5\lib\jquery\dist\jquery.min.js'.
         Accepted compressed asset 'C:\Users\Workstation\hotel\backend\artifacts\obj\Web\debug\compressed\b9lhb08218-{0}-ttgo8qnofa-ttgo8qnofa.gz' for 'C:\Users\Workstation\.nuget\packages\microsoft.aspnetcore.identity.ui\10.0.0\staticwebassets\V5\lib\jquery\dist\jquery.min.map'.
         Accepted compressed asset 'C:\Users\Workstation\hotel\backend\artifacts\obj\Web\debug\compressed\a3ygkwa5zy-{0}-2z0ns9nrw6-2z0ns9nrw6.gz' for 'C:\Users\Workstation\.nuget\packages\microsoft.aspnetcore.identity.ui\10.0.0\staticwebassets\V5\lib\jquery\dist\jquery.slim.js'.
         Accepted compressed asset 'C:\Users\Workstation\hotel\backend\artifacts\obj\Web\debug\compressed\nezrqnk58p-{0}-muycvpuwrr-muycvpuwrr.gz' for 'C:\Users\Workstation\.nuget\packages\microsoft.aspnetcore.identity.ui\10.0.0\staticwebassets\V5\lib\jquery\dist\jquery.slim.min.js'.
         Accepted compressed asset 'C:\Users\Workstation\hotel\backend\artifacts\obj\Web\debug\compressed\v0zgfp0y55-{0}-87fc7y1x7t-87fc7y1x7t.gz' for 'C:\Users\Workstation\.nuget\packages\microsoft.aspnetcore.identity.ui\10.0.0\staticwebassets\V5\lib\jquery\dist\jquery.slim.min.map'.
         Accepted compressed asset 'C:\Users\Workstation\hotel\backend\artifacts\obj\Web\debug\compressed\yfc7ypekbg-{0}-mlv21k5csn-mlv21k5csn.gz' for 'C:\Users\Workstation\.nuget\packages\microsoft.aspnetcore.identity.ui\10.0.0\staticwebassets\V5\lib\jquery\LICENSE.txt'.
         Accepted compressed asset 'C:\Users\Workstation\hotel\backend\artifacts\obj\Web\debug\compressed\ojt6zadxgu-{0}-q4368xb570-q4368xb570.gz' for 'C:\Users\Workstation\hotel\backend\src\Web\wwwroot\api\specification-webapi.json'.
         Accepted compressed asset 'C:\Users\Workstation\hotel\backend\artifacts\obj\Web\debug\compressed\dlgesfnz08-{0}-l4pydhdnxm-l4pydhdnxm.gz' for 'C:\Users\Workstation\hotel\backend\src\Web\wwwroot\api\specification.json'.
         Accepted compressed asset 'C:\Users\Workstation\hotel\backend\artifacts\obj\Web\debug\compressed\tnvw4hk5xh-{0}-61n19gt1b8-61n19gt1b8.gz' for 'C:\Users\Workstation\hotel\backend\src\Web\wwwroot\favicon.ico'.
         Resolved 65 compressed assets for 65 candidate assets.
       ResolveBuildCompressedStaticWebAssets:
         Processing compressed asset: C:\Users\Workstation\hotel\backend\artifacts\obj\Web\debug\compressed\j9swiz3yzq-{0}-90yqlj465b-90yqlj465b.gz
         Processing compressed asset: C:\Users\Workstation\hotel\backend\artifacts\obj\Web\debug\compressed\ofa40bqe71-{0}-b9sayid5wm-b9sayid5wm.gz
         Processing compressed asset: C:\Users\Workstation\hotel\backend\artifacts\obj\Web\debug\compressed\vltxs1u3vm-{0}-xtxxf3hu2r-xtxxf3hu2r.gz
         Processing compressed asset: C:\Users\Workstation\hotel\backend\artifacts\obj\Web\debug\compressed\14ipv7q33s-{0}-bqjiyaj88i-bqjiyaj88i.gz
         Processing compressed asset: C:\Users\Workstation\hotel\backend\artifacts\obj\Web\debug\compressed\rh65p086id-{0}-c2jlpeoesf-c2jlpeoesf.gz
         Processing compressed asset: C:\Users\Workstation\hotel\backend\artifacts\obj\Web\debug\compressed\eb27mqwgz2-{0}-erw9l3u2r3-erw9l3u2r3.gz
         Processing compressed asset: C:\Users\Workstation\hotel\backend\artifacts\obj\Web\debug\compressed\9glsckmvxo-{0}-aexeepp0ev-aexeepp0ev.gz
         Processing compressed asset: C:\Users\Workstation\hotel\backend\artifacts\obj\Web\debug\compressed\hh8ihyobdx-{0}-d7shbmvgxk-d7shbmvgxk.gz
         Processing compressed asset: C:\Users\Workstation\hotel\backend\artifacts\obj\Web\debug\compressed\bww8ud00yd-{0}-ausgxo2sd3-ausgxo2sd3.gz
         Processing compressed asset: C:\Users\Workstation\hotel\backend\artifacts\obj\Web\debug\compressed\edcrak57d7-{0}-k8d9w2qqmf-k8d9w2qqmf.gz
         Processing compressed asset: C:\Users\Workstation\hotel\backend\artifacts\obj\Web\debug\compressed\sf8kf2lula-{0}-cosvhxvwiu-cosvhxvwiu.gz
         Processing compressed asset: C:\Users\Workstation\hotel\backend\artifacts\obj\Web\debug\compressed\3tzsqhslk9-{0}-ub07r2b239-ub07r2b239.gz
         Processing compressed asset: C:\Users\Workstation\hotel\backend\artifacts\obj\Web\debug\compressed\oxk5o6czdw-{0}-fvhpjtyr6v-fvhpjtyr6v.gz
         Processing compressed asset: C:\Users\Workstation\hotel\backend\artifacts\obj\Web\debug\compressed\k8b25g0zwc-{0}-b7pk76d08c-b7pk76d08c.gz
         Processing compressed asset: C:\Users\Workstation\hotel\backend\artifacts\obj\Web\debug\compressed\8axix7wldr-{0}-fsbi9cje9m-fsbi9cje9m.gz
         Processing compressed asset: C:\Users\Workstation\hotel\backend\artifacts\obj\Web\debug\compressed\d5z9sfpxbi-{0}-rzd6atqjts-rzd6atqjts.gz
         Processing compressed asset: C:\Users\Workstation\hotel\backend\artifacts\obj\Web\debug\compressed\u8428c4e9i-{0}-ee0r1s7dh0-ee0r1s7dh0.gz
         Processing compressed asset: C:\Users\Workstation\hotel\backend\artifacts\obj\Web\debug\compressed\tg53r17ghy-{0}-dxx9fxp4il-dxx9fxp4il.gz
         Processing compressed asset: C:\Users\Workstation\hotel\backend\artifacts\obj\Web\debug\compressed\nlrl0f3xs3-{0}-jd9uben2k1-jd9uben2k1.gz
         Processing compressed asset: C:\Users\Workstation\hotel\backend\artifacts\obj\Web\debug\compressed\1fc4q00scq-{0}-khv3u5hwcm-khv3u5hwcm.gz
         Processing compressed asset: C:\Users\Workstation\hotel\backend\artifacts\obj\Web\debug\compressed\8xykfy6qmd-{0}-r4e9w2rdcm-r4e9w2rdcm.gz
         Processing compressed asset: C:\Users\Workstation\hotel\backend\artifacts\obj\Web\debug\compressed\vsrbd71spn-{0}-lcd1t2u6c8-lcd1t2u6c8.gz
         Processing compressed asset: C:\Users\Workstation\hotel\backend\artifacts\obj\Web\debug\compressed\cynp17w084-{0}-c2oey78nd0-c2oey78nd0.gz
         Processing compressed asset: C:\Users\Workstation\hotel\backend\artifacts\obj\Web\debug\compressed\7o8oyvng68-{0}-tdbxkamptv-tdbxkamptv.gz
         Processing compressed asset: C:\Users\Workstation\hotel\backend\artifacts\obj\Web\debug\compressed\h9vwtoirpy-{0}-j5mq2jizvt-j5mq2jizvt.gz
         Processing compressed asset: C:\Users\Workstation\hotel\backend\artifacts\obj\Web\debug\compressed\o5k23vqhrk-{0}-06098lyss8-06098lyss8.gz
         Processing compressed asset: C:\Users\Workstation\hotel\backend\artifacts\obj\Web\debug\compressed\iznc766avz-{0}-nvvlpmu67g-nvvlpmu67g.gz
         Processing compressed asset: C:\Users\Workstation\hotel\backend\artifacts\obj\Web\debug\compressed\ns4583i71s-{0}-s35ty4nyc5-s35ty4nyc5.gz
         Processing compressed asset: C:\Users\Workstation\hotel\backend\artifacts\obj\Web\debug\compressed\47012z8l2l-{0}-pj5nd1wqec-pj5nd1wqec.gz
         Processing compressed asset: C:\Users\Workstation\hotel\backend\artifacts\obj\Web\debug\compressed\4vzefxwp2m-{0}-46ein0sx1k-46ein0sx1k.gz
         Processing compressed asset: C:\Users\Workstation\hotel\backend\artifacts\obj\Web\debug\compressed\bh4v3mdph9-{0}-v0zj4ognzu-v0zj4ognzu.gz
         Processing compressed asset: C:\Users\Workstation\hotel\backend\artifacts\obj\Web\debug\compressed\l186vlgaag-{0}-37tfw0ft22-37tfw0ft22.gz
         Processing compressed asset: C:\Users\Workstation\hotel\backend\artifacts\obj\Web\debug\compressed\rsc7qacj1u-{0}-hrwsygsryq-hrwsygsryq.gz
         Processing compressed asset: C:\Users\Workstation\hotel\backend\artifacts\obj\Web\debug\compressed\z408qb6q7a-{0}-pk9g2wxc8p-pk9g2wxc8p.gz
         Processing compressed asset: C:\Users\Workstation\hotel\backend\artifacts\obj\Web\debug\compressed\qfr28sqcy1-{0}-ft3s53vfgj-ft3s53vfgj.gz
         Processing compressed asset: C:\Users\Workstation\hotel\backend\artifacts\obj\Web\debug\compressed\0k1i85ntyh-{0}-6cfz1n2cew-6cfz1n2cew.gz
         Processing compressed asset: C:\Users\Workstation\hotel\backend\artifacts\obj\Web\debug\compressed\xa379ftczi-{0}-6pdc2jztkx-6pdc2jztkx.gz
         Processing compressed asset: C:\Users\Workstation\hotel\backend\artifacts\obj\Web\debug\compressed\lr5hmrr0j7-{0}-493y06b0oq-493y06b0oq.gz
         Processing compressed asset: C:\Users\Workstation\hotel\backend\artifacts\obj\Web\debug\compressed\ivy2s9gwh5-{0}-iovd86k7lj-iovd86k7lj.gz
         Processing compressed asset: C:\Users\Workstation\hotel\backend\artifacts\obj\Web\debug\compressed\higufxz8op-{0}-vr1egmr9el-vr1egmr9el.gz
         Processing compressed asset: C:\Users\Workstation\hotel\backend\artifacts\obj\Web\debug\compressed\s3tglgz8hr-{0}-kbrnm935zg-kbrnm935zg.gz
         Processing compressed asset: C:\Users\Workstation\hotel\backend\artifacts\obj\Web\debug\compressed\vw9sls9bhj-{0}-jj8uyg4cgr-jj8uyg4cgr.gz
         Processing compressed asset: C:\Users\Workstation\hotel\backend\artifacts\obj\Web\debug\compressed\ym8tkpcl2i-{0}-y7v9cxd14o-y7v9cxd14o.gz
         Processing compressed asset: C:\Users\Workstation\hotel\backend\artifacts\obj\Web\debug\compressed\zzna4nrm5w-{0}-notf2xhcfb-notf2xhcfb.gz
         Processing compressed asset: C:\Users\Workstation\hotel\backend\artifacts\obj\Web\debug\compressed\igscs4x0yk-{0}-h1s4sie4z3-h1s4sie4z3.gz
         Processing compressed asset: C:\Users\Workstation\hotel\backend\artifacts\obj\Web\debug\compressed\zap00c0tb5-{0}-63fj8s7r0e-63fj8s7r0e.gz
         Processing compressed asset: C:\Users\Workstation\hotel\backend\artifacts\obj\Web\debug\compressed\pogzkicjpz-{0}-0j3bgjxly4-0j3bgjxly4.gz
         Processing compressed asset: C:\Users\Workstation\hotel\backend\artifacts\obj\Web\debug\compressed\j3hwsq15kh-{0}-47otxtyo56-47otxtyo56.gz
         Processing compressed asset: C:\Users\Workstation\hotel\backend\artifacts\obj\Web\debug\compressed\q3naettu8c-{0}-4v8eqarkd7-4v8eqarkd7.gz
         Processing compressed asset: C:\Users\Workstation\hotel\backend\artifacts\obj\Web\debug\compressed\ldxy2n3w6q-{0}-356vix0kms-356vix0kms.gz
         Processing compressed asset: C:\Users\Workstation\hotel\backend\artifacts\obj\Web\debug\compressed\ypthv7q62w-{0}-83jwlth58m-83jwlth58m.gz
         Processing compressed asset: C:\Users\Workstation\hotel\backend\artifacts\obj\Web\debug\compressed\t6e3b82hrf-{0}-mrlpezrjn3-mrlpezrjn3.gz
         Processing compressed asset: C:\Users\Workstation\hotel\backend\artifacts\obj\Web\debug\compressed\uocis9wxbx-{0}-lzl9nlhx6b-lzl9nlhx6b.gz
         Processing compressed asset: C:\Users\Workstation\hotel\backend\artifacts\obj\Web\debug\compressed\2tikzqlmtu-{0}-ag7o75518u-ag7o75518u.gz
         Processing compressed asset: C:\Users\Workstation\hotel\backend\artifacts\obj\Web\debug\compressed\9muusbdg0a-{0}-x0q3zqp4vz-x0q3zqp4vz.gz
         Processing compressed asset: C:\Users\Workstation\hotel\backend\artifacts\obj\Web\debug\compressed\tpsq5dibur-{0}-0i3buxo5is-0i3buxo5is.gz
         Processing compressed asset: C:\Users\Workstation\hotel\backend\artifacts\obj\Web\debug\compressed\t0qo7o574p-{0}-o1o13a6vjx-o1o13a6vjx.gz
         Processing compressed asset: C:\Users\Workstation\hotel\backend\artifacts\obj\Web\debug\compressed\b9lhb08218-{0}-ttgo8qnofa-ttgo8qnofa.gz
         Processing compressed asset: C:\Users\Workstation\hotel\backend\artifacts\obj\Web\debug\compressed\a3ygkwa5zy-{0}-2z0ns9nrw6-2z0ns9nrw6.gz
         Processing compressed asset: C:\Users\Workstation\hotel\backend\artifacts\obj\Web\debug\compressed\nezrqnk58p-{0}-muycvpuwrr-muycvpuwrr.gz
         Processing compressed asset: C:\Users\Workstation\hotel\backend\artifacts\obj\Web\debug\compressed\v0zgfp0y55-{0}-87fc7y1x7t-87fc7y1x7t.gz
         Processing compressed asset: C:\Users\Workstation\hotel\backend\artifacts\obj\Web\debug\compressed\yfc7ypekbg-{0}-mlv21k5csn-mlv21k5csn.gz
         Processing compressed asset: C:\Users\Workstation\hotel\backend\artifacts\obj\Web\debug\compressed\ojt6zadxgu-{0}-q4368xb570-q4368xb570.gz
         Processing compressed asset: C:\Users\Workstation\hotel\backend\artifacts\obj\Web\debug\compressed\tnvw4hk5xh-{0}-61n19gt1b8-61n19gt1b8.gz
         Processing compressed asset: C:\Users\Workstation\hotel\backend\artifacts\obj\Web\debug\compressed\dlgesfnz08-{0}-l4pydhdnxm-l4pydhdnxm.gz
       _BuildCopyStaticWebAssetsPreserveNewest:
       Skipping target "_BuildCopyStaticWebAssetsPreserveNewest" because it has no outputs.
       _CopyFilesMarkedCopyLocal:
         Copying file from "C:\Users\Workstation\hotel\backend\artifacts\bin\Application\debug\CleanArchitecture.Application.dll" to "C:\Users\Workstation\hotel\backend\artifacts\bin\Web\debug\CleanArchitecture.Application.dll".
         Copying file from "C:\Users\Workstation\hotel\backend\artifacts\bin\Application\debug\CleanArchitecture.Application.pdb" to "C:\Users\Workstation\hotel\backend\artifacts\bin\Web\debug\CleanArchitecture.Application.pdb".
     2>C:\Program Files\dotnet\sdk\10.0.102\Microsoft.Common.CurrentVersion.targets(5080,5): warning MSB3026: Could not copy "C:\Users\Workstation\hotel\backend\artifacts\bin\Application\debug\CleanArchitecture.Application.pdb" to "C:\Users\Workstation\hotel\backend\artifacts\bin\Web\debug\CleanArchitecture.Application.pdb". Beginning retry 1 in 1000ms. The process cannot access the file 'C:\Users\Workstation\hotel\backend\artifacts\bin\Web\debug\CleanArchitecture.Application.pdb' because it is being used by another process. The file is locked by: "CleanArchitecture.Web (1612)" [C:\Users\Workstation\hotel\backend\src\Web\Web.csproj]
     2>C:\Program Files\dotnet\sdk\10.0.102\Microsoft.Common.CurrentVersion.targets(5080,5): warning MSB3026: Could not copy "C:\Users\Workstation\hotel\backend\artifacts\bin\Application\debug\CleanArchitecture.Application.dll" to "C:\Users\Workstation\hotel\backend\artifacts\bin\Web\debug\CleanArchitecture.Application.dll". Beginning retry 1 in 1000ms. The process cannot access the file 'C:\Users\Workstation\hotel\backend\artifacts\bin\Web\debug\CleanArchitecture.Application.dll' because it is being used by another process. The file is locked by: "CleanArchitecture.Web (1612)" [C:\Users\Workstation\hotel\backend\src\Web\Web.csproj]
         Copying file from "C:\Users\Workstation\hotel\backend\artifacts\bin\Application\debug\CleanArchitecture.Application.pdb" to "C:\Users\Workstation\hotel\backend\artifacts\bin\Web\debug\CleanArchitecture.Application.pdb".
         Copying file from "C:\Users\Workstation\hotel\backend\artifacts\bin\Application\debug\CleanArchitecture.Application.dll" to "C:\Users\Workstation\hotel\backend\artifacts\bin\Web\debug\CleanArchitecture.Application.dll".
     2>C:\Program Files\dotnet\sdk\10.0.102\Microsoft.Common.CurrentVersion.targets(5080,5): warning MSB3026: Could not copy "C:\Users\Workstation\hotel\backend\artifacts\bin\Application\debug\CleanArchitecture.Application.pdb" to "C:\Users\Workstation\hotel\backend\artifacts\bin\Web\debug\CleanArchitecture.Application.pdb". Beginning retry 2 in 1000ms. The process cannot access the file 'C:\Users\Workstation\hotel\backend\artifacts\bin\Web\debug\CleanArchitecture.Application.pdb' because it is being used by another process. The file is locked by: "CleanArchitecture.Web (1612)" [C:\Users\Workstation\hotel\backend\src\Web\Web.csproj]
     2>C:\Program Files\dotnet\sdk\10.0.102\Microsoft.Common.CurrentVersion.targets(5080,5): warning MSB3026: Could not copy "C:\Users\Workstation\hotel\backend\artifacts\bin\Application\debug\CleanArchitecture.Application.dll" to "C:\Users\Workstation\hotel\backend\artifacts\bin\Web\debug\CleanArchitecture.Application.dll". Beginning retry 2 in 1000ms. The process cannot access the file 'C:\Users\Workstation\hotel\backend\artifacts\bin\Web\debug\CleanArchitecture.Application.dll' because it is being used by another process. The file is locked by: "CleanArchitecture.Web (1612)" [C:\Users\Workstation\hotel\backend\src\Web\Web.csproj]
         Copying file from "C:\Users\Workstation\hotel\backend\artifacts\bin\Application\debug\CleanArchitecture.Application.pdb" to "C:\Users\Workstation\hotel\backend\artifacts\bin\Web\debug\CleanArchitecture.Application.pdb".
         Copying file from "C:\Users\Workstation\hotel\backend\artifacts\bin\Application\debug\CleanArchitecture.Application.dll" to "C:\Users\Workstation\hotel\backend\artifacts\bin\Web\debug\CleanArchitecture.Application.dll".
     2>C:\Program Files\dotnet\sdk\10.0.102\Microsoft.Common.CurrentVersion.targets(5080,5): warning MSB3026: Could not copy "C:\Users\Workstation\hotel\backend\artifacts\bin\Application\debug\CleanArchitecture.Application.dll" to "C:\Users\Workstation\hotel\backend\artifacts\bin\Web\debug\CleanArchitecture.Application.dll". Beginning retry 3 in 1000ms. The process cannot access the file 'C:\Users\Workstation\hotel\backend\artifacts\bin\Web\debug\CleanArchitecture.Application.dll' because it is being used by another process. The file is locked by: "CleanArchitecture.Web (1612)" [C:\Users\Workstation\hotel\backend\src\Web\Web.csproj]
     2>C:\Program Files\dotnet\sdk\10.0.102\Microsoft.Common.CurrentVersion.targets(5080,5): warning MSB3026: Could not copy "C:\Users\Workstation\hotel\backend\artifacts\bin\Application\debug\CleanArchitecture.Application.pdb" to "C:\Users\Workstation\hotel\backend\artifacts\bin\Web\debug\CleanArchitecture.Application.pdb". Beginning retry 3 in 1000ms. The process cannot access the file 'C:\Users\Workstation\hotel\backend\artifacts\bin\Web\debug\CleanArchitecture.Application.pdb' because it is being used by another process. The file is locked by: "CleanArchitecture.Web (1612)" [C:\Users\Workstation\hotel\backend\src\Web\Web.csproj]
         Copying file from "C:\Users\Workstation\hotel\backend\artifacts\bin\Application\debug\CleanArchitecture.Application.dll" to "C:\Users\Workstation\hotel\backend\artifacts\bin\Web\debug\CleanArchitecture.Application.dll".
         Copying file from "C:\Users\Workstation\hotel\backend\artifacts\bin\Application\debug\CleanArchitecture.Application.pdb" to "C:\Users\Workstation\hotel\backend\artifacts\bin\Web\debug\CleanArchitecture.Application.pdb".
     2>C:\Program Files\dotnet\sdk\10.0.102\Microsoft.Common.CurrentVersion.targets(5080,5): warning MSB3026: Could not copy "C:\Users\Workstation\hotel\backend\artifacts\bin\Application\debug\CleanArchitecture.Application.dll" to "C:\Users\Workstation\hotel\backend\artifacts\bin\Web\debug\CleanArchitecture.Application.dll". Beginning retry 4 in 1000ms. The process cannot access the file 'C:\Users\Workstation\hotel\backend\artifacts\bin\Web\debug\CleanArchitecture.Application.dll' because it is being used by another process. The file is locked by: "CleanArchitecture.Web (1612)" [C:\Users\Workstation\hotel\backend\src\Web\Web.csproj]
     2>C:\Program Files\dotnet\sdk\10.0.102\Microsoft.Common.CurrentVersion.targets(5080,5): warning MSB3026: Could not copy "C:\Users\Workstation\hotel\backend\artifacts\bin\Application\debug\CleanArchitecture.Application.pdb" to "C:\Users\Workstation\hotel\backend\artifacts\bin\Web\debug\CleanArchitecture.Application.pdb". Beginning retry 4 in 1000ms. The process cannot access the file 'C:\Users\Workstation\hotel\backend\artifacts\bin\Web\debug\CleanArchitecture.Application.pdb' because it is being used by another process. The file is locked by: "CleanArchitecture.Web (1612)" [C:\Users\Workstation\hotel\backend\src\Web\Web.csproj]
         Copying file from "C:\Users\Workstation\hotel\backend\artifacts\bin\Application\debug\CleanArchitecture.Application.dll" to "C:\Users\Workstation\hotel\backend\artifacts\bin\Web\debug\CleanArchitecture.Application.dll".
         Copying file from "C:\Users\Workstation\hotel\backend\artifacts\bin\Application\debug\CleanArchitecture.Application.pdb" to "C:\Users\Workstation\hotel\backend\artifacts\bin\Web\debug\CleanArchitecture.Application.pdb".
     2>C:\Program Files\dotnet\sdk\10.0.102\Microsoft.Common.CurrentVersion.targets(5080,5): warning MSB3026: Could not copy "C:\Users\Workstation\hotel\backend\artifacts\bin\Application\debug\CleanArchitecture.Application.dll" to "C:\Users\Workstation\hotel\backend\artifacts\bin\Web\debug\CleanArchitecture.Application.dll". Beginning retry 5 in 1000ms. The process cannot access the file 'C:\Users\Workstation\hotel\backend\artifacts\bin\Web\debug\CleanArchitecture.Application.dll' because it is being used by another process. The file is locked by: "CleanArchitecture.Web (1612)" [C:\Users\Workstation\hotel\backend\src\Web\Web.csproj]
     2>C:\Program Files\dotnet\sdk\10.0.102\Microsoft.Common.CurrentVersion.targets(5080,5): warning MSB3026: Could not copy "C:\Users\Workstation\hotel\backend\artifacts\bin\Application\debug\CleanArchitecture.Application.pdb" to "C:\Users\Workstation\hotel\backend\artifacts\bin\Web\debug\CleanArchitecture.Application.pdb". Beginning retry 5 in 1000ms. The process cannot access the file 'C:\Users\Workstation\hotel\backend\artifacts\bin\Web\debug\CleanArchitecture.Application.pdb' because it is being used by another process. The file is locked by: "CleanArchitecture.Web (1612)" [C:\Users\Workstation\hotel\backend\src\Web\Web.csproj]
         Copying file from "C:\Users\Workstation\hotel\backend\artifacts\bin\Application\debug\CleanArchitecture.Application.dll" to "C:\Users\Workstation\hotel\backend\artifacts\bin\Web\debug\CleanArchitecture.Application.dll".
         Copying file from "C:\Users\Workstation\hotel\backend\artifacts\bin\Application\debug\CleanArchitecture.Application.pdb" to "C:\Users\Workstation\hotel\backend\artifacts\bin\Web\debug\CleanArchitecture.Application.pdb".
     2>C:\Program Files\dotnet\sdk\10.0.102\Microsoft.Common.CurrentVersion.targets(5080,5): warning MSB3026: Could not copy "C:\Users\Workstation\hotel\backend\artifacts\bin\Application\debug\CleanArchitecture.Application.dll" to "C:\Users\Workstation\hotel\backend\artifacts\bin\Web\debug\CleanArchitecture.Application.dll". Beginning retry 6 in 1000ms. The process cannot access the file 'C:\Users\Workstation\hotel\backend\artifacts\bin\Web\debug\CleanArchitecture.Application.dll' because it is being used by another process. The file is locked by: "CleanArchitecture.Web (1612)" [C:\Users\Workstation\hotel\backend\src\Web\Web.csproj]
     2>C:\Program Files\dotnet\sdk\10.0.102\Microsoft.Common.CurrentVersion.targets(5080,5): warning MSB3026: Could not copy "C:\Users\Workstation\hotel\backend\artifacts\bin\Application\debug\CleanArchitecture.Application.pdb" to "C:\Users\Workstation\hotel\backend\artifacts\bin\Web\debug\CleanArchitecture.Application.pdb". Beginning retry 6 in 1000ms. The process cannot access the file 'C:\Users\Workstation\hotel\backend\artifacts\bin\Web\debug\CleanArchitecture.Application.pdb' because it is being used by another process. The file is locked by: "CleanArchitecture.Web (1612)" [C:\Users\Workstation\hotel\backend\src\Web\Web.csproj]
         Copying file from "C:\Users\Workstation\hotel\backend\artifacts\bin\Application\debug\CleanArchitecture.Application.dll" to "C:\Users\Workstation\hotel\backend\artifacts\bin\Web\debug\CleanArchitecture.Application.dll".
         Copying file from "C:\Users\Workstation\hotel\backend\artifacts\bin\Application\debug\CleanArchitecture.Application.pdb" to "C:\Users\Workstation\hotel\backend\artifacts\bin\Web\debug\CleanArchitecture.Application.pdb".
     2>C:\Program Files\dotnet\sdk\10.0.102\Microsoft.Common.CurrentVersion.targets(5080,5): warning MSB3026: Could not copy "C:\Users\Workstation\hotel\backend\artifacts\bin\Application\debug\CleanArchitecture.Application.dll" to "C:\Users\Workstation\hotel\backend\artifacts\bin\Web\debug\CleanArchitecture.Application.dll". Beginning retry 7 in 1000ms. The process cannot access the file 'C:\Users\Workstation\hotel\backend\artifacts\bin\Web\debug\CleanArchitecture.Application.dll' because it is being used by another process. The file is locked by: "CleanArchitecture.Web (1612)" [C:\Users\Workstation\hotel\backend\src\Web\Web.csproj]
     2>C:\Program Files\dotnet\sdk\10.0.102\Microsoft.Common.CurrentVersion.targets(5080,5): warning MSB3026: Could not copy "C:\Users\Workstation\hotel\backend\artifacts\bin\Application\debug\CleanArchitecture.Application.pdb" to "C:\Users\Workstation\hotel\backend\artifacts\bin\Web\debug\CleanArchitecture.Application.pdb". Beginning retry 7 in 1000ms. The process cannot access the file 'C:\Users\Workstation\hotel\backend\artifacts\bin\Web\debug\CleanArchitecture.Application.pdb' because it is being used by another process. The file is locked by: "CleanArchitecture.Web (1612)" [C:\Users\Workstation\hotel\backend\src\Web\Web.csproj]
         Copying file from "C:\Users\Workstation\hotel\backend\artifacts\bin\Application\debug\CleanArchitecture.Application.dll" to "C:\Users\Workstation\hotel\backend\artifacts\bin\Web\debug\CleanArchitecture.Application.dll".
         Copying file from "C:\Users\Workstation\hotel\backend\artifacts\bin\Application\debug\CleanArchitecture.Application.pdb" to "C:\Users\Workstation\hotel\backend\artifacts\bin\Web\debug\CleanArchitecture.Application.pdb".
     2>C:\Program Files\dotnet\sdk\10.0.102\Microsoft.Common.CurrentVersion.targets(5080,5): warning MSB3026: Could not copy "C:\Users\Workstation\hotel\backend\artifacts\bin\Application\debug\CleanArchitecture.Application.dll" to "C:\Users\Workstation\hotel\backend\artifacts\bin\Web\debug\CleanArchitecture.Application.dll". Beginning retry 8 in 1000ms. The process cannot access the file 'C:\Users\Workstation\hotel\backend\artifacts\bin\Web\debug\CleanArchitecture.Application.dll' because it is being used by another process. The file is locked by: "CleanArchitecture.Web (1612)" [C:\Users\Workstation\hotel\backend\src\Web\Web.csproj]
     2>C:\Program Files\dotnet\sdk\10.0.102\Microsoft.Common.CurrentVersion.targets(5080,5): warning MSB3026: Could not copy "C:\Users\Workstation\hotel\backend\artifacts\bin\Application\debug\CleanArchitecture.Application.pdb" to "C:\Users\Workstation\hotel\backend\artifacts\bin\Web\debug\CleanArchitecture.Application.pdb". Beginning retry 8 in 1000ms. The process cannot access the file 'C:\Users\Workstation\hotel\backend\artifacts\bin\Web\debug\CleanArchitecture.Application.pdb' because it is being used by another process. The file is locked by: "CleanArchitecture.Web (1612)" [C:\Users\Workstation\hotel\backend\src\Web\Web.csproj]
         Copying file from "C:\Users\Workstation\hotel\backend\artifacts\bin\Application\debug\CleanArchitecture.Application.dll" to "C:\Users\Workstation\hotel\backend\artifacts\bin\Web\debug\CleanArchitecture.Application.dll".
         Copying file from "C:\Users\Workstation\hotel\backend\artifacts\bin\Application\debug\CleanArchitecture.Application.pdb" to "C:\Users\Workstation\hotel\backend\artifacts\bin\Web\debug\CleanArchitecture.Application.pdb".
     2>C:\Program Files\dotnet\sdk\10.0.102\Microsoft.Common.CurrentVersion.targets(5080,5): warning MSB3026: Could not copy "C:\Users\Workstation\hotel\backend\artifacts\bin\Application\debug\CleanArchitecture.Application.dll" to "C:\Users\Workstation\hotel\backend\artifacts\bin\Web\debug\CleanArchitecture.Application.dll". Beginning retry 9 in 1000ms. The process cannot access the file 'C:\Users\Workstation\hotel\backend\artifacts\bin\Web\debug\CleanArchitecture.Application.dll' because it is being used by another process. The file is locked by: "CleanArchitecture.Web (1612)" [C:\Users\Workstation\hotel\backend\src\Web\Web.csproj]
     2>C:\Program Files\dotnet\sdk\10.0.102\Microsoft.Common.CurrentVersion.targets(5080,5): warning MSB3026: Could not copy "C:\Users\Workstation\hotel\backend\artifacts\bin\Application\debug\CleanArchitecture.Application.pdb" to "C:\Users\Workstation\hotel\backend\artifacts\bin\Web\debug\CleanArchitecture.Application.pdb". Beginning retry 9 in 1000ms. The process cannot access the file 'C:\Users\Workstation\hotel\backend\artifacts\bin\Web\debug\CleanArchitecture.Application.pdb' because it is being used by another process. The file is locked by: "CleanArchitecture.Web (1612)" [C:\Users\Workstation\hotel\backend\src\Web\Web.csproj]
         Copying file from "C:\Users\Workstation\hotel\backend\artifacts\bin\Application\debug\CleanArchitecture.Application.dll" to "C:\Users\Workstation\hotel\backend\artifacts\bin\Web\debug\CleanArchitecture.Application.dll".
         Copying file from "C:\Users\Workstation\hotel\backend\artifacts\bin\Application\debug\CleanArchitecture.Application.pdb" to "C:\Users\Workstation\hotel\backend\artifacts\bin\Web\debug\CleanArchitecture.Application.pdb".
     2>C:\Program Files\dotnet\sdk\10.0.102\Microsoft.Common.CurrentVersion.targets(5080,5): warning MSB3026: Could not copy "C:\Users\Workstation\hotel\backend\artifacts\bin\Application\debug\CleanArchitecture.Application.dll" to "C:\Users\Workstation\hotel\backend\artifacts\bin\Web\debug\CleanArchitecture.Application.dll". Beginning retry 10 in 1000ms. The process cannot access the file 'C:\Users\Workstation\hotel\backend\artifacts\bin\Web\debug\CleanArchitecture.Application.dll' because it is being used by another process. The file is locked by: "CleanArchitecture.Web (1612)" [C:\Users\Workstation\hotel\backend\src\Web\Web.csproj]
     2>C:\Program Files\dotnet\sdk\10.0.102\Microsoft.Common.CurrentVersion.targets(5080,5): warning MSB3026: Could not copy "C:\Users\Workstation\hotel\backend\artifacts\bin\Application\debug\CleanArchitecture.Application.pdb" to "C:\Users\Workstation\hotel\backend\artifacts\bin\Web\debug\CleanArchitecture.Application.pdb". Beginning retry 10 in 1000ms. The process cannot access the file 'C:\Users\Workstation\hotel\backend\artifacts\bin\Web\debug\CleanArchitecture.Application.pdb' because it is being used by another process. The file is locked by: "CleanArchitecture.Web (1612)" [C:\Users\Workstation\hotel\backend\src\Web\Web.csproj]
         Copying file from "C:\Users\Workstation\hotel\backend\artifacts\bin\Application\debug\CleanArchitecture.Application.dll" to "C:\Users\Workstation\hotel\backend\artifacts\bin\Web\debug\CleanArchitecture.Application.dll".
         Copying file from "C:\Users\Workstation\hotel\backend\artifacts\bin\Application\debug\CleanArchitecture.Application.pdb" to "C:\Users\Workstation\hotel\backend\artifacts\bin\Web\debug\CleanArchitecture.Application.pdb".
     2>C:\Program Files\dotnet\sdk\10.0.102\Microsoft.Common.CurrentVersion.targets(5080,5): error MSB3027: Could not copy "C:\Users\Workstation\hotel\backend\artifacts\bin\Application\debug\CleanArchitecture.Application.dll" to "C:\Users\Workstation\hotel\backend\artifacts\bin\Web\debug\CleanArchitecture.Application.dll". Exceeded retry count of 10. Failed. The file is locked by: "CleanArchitecture.Web (1612)" [C:\Users\Workstation\hotel\backend\src\Web\Web.csproj]
     2>C:\Program Files\dotnet\sdk\10.0.102\Microsoft.Common.CurrentVersion.targets(5080,5): error MSB3021: Unable to copy file "C:\Users\Workstation\hotel\backend\artifacts\bin\Application\debug\CleanArchitecture.Application.dll" to "C:\Users\Workstation\hotel\backend\artifacts\bin\Web\debug\CleanArchitecture.Application.dll". The process cannot access the file 'C:\Users\Workstation\hotel\backend\artifacts\bin\Web\debug\CleanArchitecture.Application.dll' because it is being used by another process. [C:\Users\Workstation\hotel\backend\src\Web\Web.csproj]
     2>C:\Program Files\dotnet\sdk\10.0.102\Microsoft.Common.CurrentVersion.targets(5080,5): error MSB3027: Could not copy "C:\Users\Workstation\hotel\backend\artifacts\bin\Application\debug\CleanArchitecture.Application.pdb" to "C:\Users\Workstation\hotel\backend\artifacts\bin\Web\debug\CleanArchitecture.Application.pdb". Exceeded retry count of 10. Failed. The file is locked by: "CleanArchitecture.Web (1612)" [C:\Users\Workstation\hotel\backend\src\Web\Web.csproj]
     2>C:\Program Files\dotnet\sdk\10.0.102\Microsoft.Common.CurrentVersion.targets(5080,5): error MSB3021: Unable to copy file "C:\Users\Workstation\hotel\backend\artifacts\bin\Application\debug\CleanArchitecture.Application.pdb" to "C:\Users\Workstation\hotel\backend\artifacts\bin\Web\debug\CleanArchitecture.Application.pdb". The process cannot access the file 'C:\Users\Workstation\hotel\backend\artifacts\bin\Web\debug\CleanArchitecture.Application.pdb' because it is being used by another process. [C:\Users\Workstation\hotel\backend\src\Web\Web.csproj]
     2>Done Building Project "C:\Users\Workstation\hotel\backend\src\Web\Web.csproj" (default targets) -- FAILED.
     1>Done Building Project "C:\Users\Workstation\hotel\backend\tests\Application.FunctionalTests\Application.FunctionalTests.csproj" (default targets) -- FAILED.

Build FAILED.

       "C:\Users\Workstation\hotel\backend\tests\Application.FunctionalTests\Application.FunctionalTests.csproj" (default target) (1:7) ->
       "C:\Users\Workstation\hotel\backend\src\Web\Web.csproj" (default target) (2:6) ->
       (_CopyFilesMarkedCopyLocal target) -> 
         C:\Program Files\dotnet\sdk\10.0.102\Microsoft.Common.CurrentVersion.targets(5080,5): warning MSB3026: Could not copy "C:\Users\Workstation\hotel\backend\artifacts\bin\Application\debug\CleanArchitecture.Application.pdb" to "C:\Users\Workstation\hotel\backend\artifacts\bin\Web\debug\CleanArchitecture.Application.pdb". Beginning retry 1 in 1000ms. The process cannot access the file 'C:\Users\Workstation\hotel\backend\artifacts\bin\Web\debug\CleanArchitecture.Application.pdb' because it is being used by another process. The file is locked by: "CleanArchitecture.Web (1612)" [C:\Users\Workstation\hotel\backend\src\Web\Web.csproj]
         C:\Program Files\dotnet\sdk\10.0.102\Microsoft.Common.CurrentVersion.targets(5080,5): warning MSB3026: Could not copy "C:\Users\Workstation\hotel\backend\artifacts\bin\Application\debug\CleanArchitecture.Application.dll" to "C:\Users\Workstation\hotel\backend\artifacts\bin\Web\debug\CleanArchitecture.Application.dll". Beginning retry 1 in 1000ms. The process cannot access the file 'C:\Users\Workstation\hotel\backend\artifacts\bin\Web\debug\CleanArchitecture.Application.dll' because it is being used by another process. The file is locked by: "CleanArchitecture.Web (1612)" [C:\Users\Workstation\hotel\backend\src\Web\Web.csproj]
         C:\Program Files\dotnet\sdk\10.0.102\Microsoft.Common.CurrentVersion.targets(5080,5): warning MSB3026: Could not copy "C:\Users\Workstation\hotel\backend\artifacts\bin\Application\debug\CleanArchitecture.Application.pdb" to "C:\Users\Workstation\hotel\backend\artifacts\bin\Web\debug\CleanArchitecture.Application.pdb". Beginning retry 2 in 1000ms. The process cannot access the file 'C:\Users\Workstation\hotel\backend\artifacts\bin\Web\debug\CleanArchitecture.Application.pdb' because it is being used by another process. The file is locked by: "CleanArchitecture.Web (1612)" [C:\Users\Workstation\hotel\backend\src\Web\Web.csproj]
         C:\Program Files\dotnet\sdk\10.0.102\Microsoft.Common.CurrentVersion.targets(5080,5): warning MSB3026: Could not copy "C:\Users\Workstation\hotel\backend\artifacts\bin\Application\debug\CleanArchitecture.Application.dll" to "C:\Users\Workstation\hotel\backend\artifacts\bin\Web\debug\CleanArchitecture.Application.dll". Beginning retry 2 in 1000ms. The process cannot access the file 'C:\Users\Workstation\hotel\backend\artifacts\bin\Web\debug\CleanArchitecture.Application.dll' because it is being used by another process. The file is locked by: "CleanArchitecture.Web (1612)" [C:\Users\Workstation\hotel\backend\src\Web\Web.csproj]
         C:\Program Files\dotnet\sdk\10.0.102\Microsoft.Common.CurrentVersion.targets(5080,5): warning MSB3026: Could not copy "C:\Users\Workstation\hotel\backend\artifacts\bin\Application\debug\CleanArchitecture.Application.dll" to "C:\Users\Workstation\hotel\backend\artifacts\bin\Web\debug\CleanArchitecture.Application.dll". Beginning retry 3 in 1000ms. The process cannot access the file 'C:\Users\Workstation\hotel\backend\artifacts\bin\Web\debug\CleanArchitecture.Application.dll' because it is being used by another process. The file is locked by: "CleanArchitecture.Web (1612)" [C:\Users\Workstation\hotel\backend\src\Web\Web.csproj]
         C:\Program Files\dotnet\sdk\10.0.102\Microsoft.Common.CurrentVersion.targets(5080,5): warning MSB3026: Could not copy "C:\Users\Workstation\hotel\backend\artifacts\bin\Application\debug\CleanArchitecture.Application.pdb" to "C:\Users\Workstation\hotel\backend\artifacts\bin\Web\debug\CleanArchitecture.Application.pdb". Beginning retry 3 in 1000ms. The process cannot access the file 'C:\Users\Workstation\hotel\backend\artifacts\bin\Web\debug\CleanArchitecture.Application.pdb' because it is being used by another process. The file is locked by: "CleanArchitecture.Web (1612)" [C:\Users\Workstation\hotel\backend\src\Web\Web.csproj]
         C:\Program Files\dotnet\sdk\10.0.102\Microsoft.Common.CurrentVersion.targets(5080,5): warning MSB3026: Could not copy "C:\Users\Workstation\hotel\backend\artifacts\bin\Application\debug\CleanArchitecture.Application.dll" to "C:\Users\Workstation\hotel\backend\artifacts\bin\Web\debug\CleanArchitecture.Application.dll". Beginning retry 4 in 1000ms. The process cannot access the file 'C:\Users\Workstation\hotel\backend\artifacts\bin\Web\debug\CleanArchitecture.Application.dll' because it is being used by another process. The file is locked by: "CleanArchitecture.Web (1612)" [C:\Users\Workstation\hotel\backend\src\Web\Web.csproj]
         C:\Program Files\dotnet\sdk\10.0.102\Microsoft.Common.CurrentVersion.targets(5080,5): warning MSB3026: Could not copy "C:\Users\Workstation\hotel\backend\artifacts\bin\Application\debug\CleanArchitecture.Application.pdb" to "C:\Users\Workstation\hotel\backend\artifacts\bin\Web\debug\CleanArchitecture.Application.pdb". Beginning retry 4 in 1000ms. The process cannot access the file 'C:\Users\Workstation\hotel\backend\artifacts\bin\Web\debug\CleanArchitecture.Application.pdb' because it is being used by another process. The file is locked by: "CleanArchitecture.Web (1612)" [C:\Users\Workstation\hotel\backend\src\Web\Web.csproj]
         C:\Program Files\dotnet\sdk\10.0.102\Microsoft.Common.CurrentVersion.targets(5080,5): warning MSB3026: Could not copy "C:\Users\Workstation\hotel\backend\artifacts\bin\Application\debug\CleanArchitecture.Application.dll" to "C:\Users\Workstation\hotel\backend\artifacts\bin\Web\debug\CleanArchitecture.Application.dll". Beginning retry 5 in 1000ms. The process cannot access the file 'C:\Users\Workstation\hotel\backend\artifacts\bin\Web\debug\CleanArchitecture.Application.dll' because it is being used by another process. The file is locked by: "CleanArchitecture.Web (1612)" [C:\Users\Workstation\hotel\backend\src\Web\Web.csproj]
         C:\Program Files\dotnet\sdk\10.0.102\Microsoft.Common.CurrentVersion.targets(5080,5): warning MSB3026: Could not copy "C:\Users\Workstation\hotel\backend\artifacts\bin\Application\debug\CleanArchitecture.Application.pdb" to "C:\Users\Workstation\hotel\backend\artifacts\bin\Web\debug\CleanArchitecture.Application.pdb". Beginning retry 5 in 1000ms. The process cannot access the file 'C:\Users\Workstation\hotel\backend\artifacts\bin\Web\debug\CleanArchitecture.Application.pdb' because it is being used by another process. The file is locked by: "CleanArchitecture.Web (1612)" [C:\Users\Workstation\hotel\backend\src\Web\Web.csproj]
         C:\Program Files\dotnet\sdk\10.0.102\Microsoft.Common.CurrentVersion.targets(5080,5): warning MSB3026: Could not copy "C:\Users\Workstation\hotel\backend\artifacts\bin\Application\debug\CleanArchitecture.Application.dll" to "C:\Users\Workstation\hotel\backend\artifacts\bin\Web\debug\CleanArchitecture.Application.dll". Beginning retry 6 in 1000ms. The process cannot access the file 'C:\Users\Workstation\hotel\backend\artifacts\bin\Web\debug\CleanArchitecture.Application.dll' because it is being used by another process. The file is locked by: "CleanArchitecture.Web (1612)" [C:\Users\Workstation\hotel\backend\src\Web\Web.csproj]
         C:\Program Files\dotnet\sdk\10.0.102\Microsoft.Common.CurrentVersion.targets(5080,5): warning MSB3026: Could not copy "C:\Users\Workstation\hotel\backend\artifacts\bin\Application\debug\CleanArchitecture.Application.pdb" to "C:\Users\Workstation\hotel\backend\artifacts\bin\Web\debug\CleanArchitecture.Application.pdb". Beginning retry 6 in 1000ms. The process cannot access the file 'C:\Users\Workstation\hotel\backend\artifacts\bin\Web\debug\CleanArchitecture.Application.pdb' because it is being used by another process. The file is locked by: "CleanArchitecture.Web (1612)" [C:\Users\Workstation\hotel\backend\src\Web\Web.csproj]
         C:\Program Files\dotnet\sdk\10.0.102\Microsoft.Common.CurrentVersion.targets(5080,5): warning MSB3026: Could not copy "C:\Users\Workstation\hotel\backend\artifacts\bin\Application\debug\CleanArchitecture.Application.dll" to "C:\Users\Workstation\hotel\backend\artifacts\bin\Web\debug\CleanArchitecture.Application.dll". Beginning retry 7 in 1000ms. The process cannot access the file 'C:\Users\Workstation\hotel\backend\artifacts\bin\Web\debug\CleanArchitecture.Application.dll' because it is being used by another process. The file is locked by: "CleanArchitecture.Web (1612)" [C:\Users\Workstation\hotel\backend\src\Web\Web.csproj]
         C:\Program Files\dotnet\sdk\10.0.102\Microsoft.Common.CurrentVersion.targets(5080,5): warning MSB3026: Could not copy "C:\Users\Workstation\hotel\backend\artifacts\bin\Application\debug\CleanArchitecture.Application.pdb" to "C:\Users\Workstation\hotel\backend\artifacts\bin\Web\debug\CleanArchitecture.Application.pdb". Beginning retry 7 in 1000ms. The process cannot access the file 'C:\Users\Workstation\hotel\backend\artifacts\bin\Web\debug\CleanArchitecture.Application.pdb' because it is being used by another process. The file is locked by: "CleanArchitecture.Web (1612)" [C:\Users\Workstation\hotel\backend\src\Web\Web.csproj]
         C:\Program Files\dotnet\sdk\10.0.102\Microsoft.Common.CurrentVersion.targets(5080,5): warning MSB3026: Could not copy "C:\Users\Workstation\hotel\backend\artifacts\bin\Application\debug\CleanArchitecture.Application.dll" to "C:\Users\Workstation\hotel\backend\artifacts\bin\Web\debug\CleanArchitecture.Application.dll". Beginning retry 8 in 1000ms. The process cannot access the file 'C:\Users\Workstation\hotel\backend\artifacts\bin\Web\debug\CleanArchitecture.Application.dll' because it is being used by another process. The file is locked by: "CleanArchitecture.Web (1612)" [C:\Users\Workstation\hotel\backend\src\Web\Web.csproj]
         C:\Program Files\dotnet\sdk\10.0.102\Microsoft.Common.CurrentVersion.targets(5080,5): warning MSB3026: Could not copy "C:\Users\Workstation\hotel\backend\artifacts\bin\Application\debug\CleanArchitecture.Application.pdb" to "C:\Users\Workstation\hotel\backend\artifacts\bin\Web\debug\CleanArchitecture.Application.pdb". Beginning retry 8 in 1000ms. The process cannot access the file 'C:\Users\Workstation\hotel\backend\artifacts\bin\Web\debug\CleanArchitecture.Application.pdb' because it is being used by another process. The file is locked by: "CleanArchitecture.Web (1612)" [C:\Users\Workstation\hotel\backend\src\Web\Web.csproj]
         C:\Program Files\dotnet\sdk\10.0.102\Microsoft.Common.CurrentVersion.targets(5080,5): warning MSB3026: Could not copy "C:\Users\Workstation\hotel\backend\artifacts\bin\Application\debug\CleanArchitecture.Application.dll" to "C:\Users\Workstation\hotel\backend\artifacts\bin\Web\debug\CleanArchitecture.Application.dll". Beginning retry 9 in 1000ms. The process cannot access the file 'C:\Users\Workstation\hotel\backend\artifacts\bin\Web\debug\CleanArchitecture.Application.dll' because it is being used by another process. The file is locked by: "CleanArchitecture.Web (1612)" [C:\Users\Workstation\hotel\backend\src\Web\Web.csproj]
         C:\Program Files\dotnet\sdk\10.0.102\Microsoft.Common.CurrentVersion.targets(5080,5): warning MSB3026: Could not copy "C:\Users\Workstation\hotel\backend\artifacts\bin\Application\debug\CleanArchitecture.Application.pdb" to "C:\Users\Workstation\hotel\backend\artifacts\bin\Web\debug\CleanArchitecture.Application.pdb". Beginning retry 9 in 1000ms. The process cannot access the file 'C:\Users\Workstation\hotel\backend\artifacts\bin\Web\debug\CleanArchitecture.Application.pdb' because it is being used by another process. The file is locked by: "CleanArchitecture.Web (1612)" [C:\Users\Workstation\hotel\backend\src\Web\Web.csproj]
         C:\Program Files\dotnet\sdk\10.0.102\Microsoft.Common.CurrentVersion.targets(5080,5): warning MSB3026: Could not copy "C:\Users\Workstation\hotel\backend\artifacts\bin\Application\debug\CleanArchitecture.Application.dll" to "C:\Users\Workstation\hotel\backend\artifacts\bin\Web\debug\CleanArchitecture.Application.dll". Beginning retry 10 in 1000ms. The process cannot access the file 'C:\Users\Workstation\hotel\backend\artifacts\bin\Web\debug\CleanArchitecture.Application.dll' because it is being used by another process. The file is locked by: "CleanArchitecture.Web (1612)" [C:\Users\Workstation\hotel\backend\src\Web\Web.csproj]
         C:\Program Files\dotnet\sdk\10.0.102\Microsoft.Common.CurrentVersion.targets(5080,5): warning MSB3026: Could not copy "C:\Users\Workstation\hotel\backend\artifacts\bin\Application\debug\CleanArchitecture.Application.pdb" to "C:\Users\Workstation\hotel\backend\artifacts\bin\Web\debug\CleanArchitecture.Application.pdb". Beginning retry 10 in 1000ms. The process cannot access the file 'C:\Users\Workstation\hotel\backend\artifacts\bin\Web\debug\CleanArchitecture.Application.pdb' because it is being used by another process. The file is locked by: "CleanArchitecture.Web (1612)" [C:\Users\Workstation\hotel\backend\src\Web\Web.csproj]


       "C:\Users\Workstation\hotel\backend\tests\Application.FunctionalTests\Application.FunctionalTests.csproj" (default target) (1:7) ->
       "C:\Users\Workstation\hotel\backend\src\Web\Web.csproj" (default target) (2:6) ->
       (_CopyFilesMarkedCopyLocal target) -> 
         C:\Program Files\dotnet\sdk\10.0.102\Microsoft.Common.CurrentVersion.targets(5080,5): error MSB3027: Could not copy "C:\Users\Workstation\hotel\backend\artifacts\bin\Application\debug\CleanArchitecture.Application.dll" to "C:\Users\Workstation\hotel\backend\artifacts\bin\Web\debug\CleanArchitecture.Application.dll". Exceeded retry count of 10. Failed. The file is locked by: "CleanArchitecture.Web (1612)" [C:\Users\Workstation\hotel\backend\src\Web\Web.csproj]
         C:\Program Files\dotnet\sdk\10.0.102\Microsoft.Common.CurrentVersion.targets(5080,5): error MSB3021: Unable to copy file "C:\Users\Workstation\hotel\backend\artifacts\bin\Application\debug\CleanArchitecture.Application.dll" to "C:\Users\Workstation\hotel\backend\artifacts\bin\Web\debug\CleanArchitecture.Application.dll". The process cannot access the file 'C:\Users\Workstation\hotel\backend\artifacts\bin\Web\debug\CleanArchitecture.Application.dll' because it is being used by another process. [C:\Users\Workstation\hotel\backend\src\Web\Web.csproj]
         C:\Program Files\dotnet\sdk\10.0.102\Microsoft.Common.CurrentVersion.targets(5080,5): error MSB3027: Could not copy "C:\Users\Workstation\hotel\backend\artifacts\bin\Application\debug\CleanArchitecture.Application.pdb" to "C:\Users\Workstation\hotel\backend\artifacts\bin\Web\debug\CleanArchitecture.Application.pdb". Exceeded retry count of 10. Failed. The file is locked by: "CleanArchitecture.Web (1612)" [C:\Users\Workstation\hotel\backend\src\Web\Web.csproj]
         C:\Program Files\dotnet\sdk\10.0.102\Microsoft.Common.CurrentVersion.targets(5080,5): error MSB3021: Unable to copy file "C:\Users\Workstation\hotel\backend\artifacts\bin\Application\debug\CleanArchitecture.Application.pdb" to "C:\Users\Workstation\hotel\backend\artifacts\bin\Web\debug\CleanArchitecture.Application.pdb". The process cannot access the file 'C:\Users\Workstation\hotel\backend\artifacts\bin\Web\debug\CleanArchitecture.Application.pdb' because it is being used by another process. [C:\Users\Workstation\hotel\backend\src\Web\Web.csproj]

    20 Warning(s)
    4 Error(s)

Time Elapsed 00:00:24.91
