  Determining projects to restore...
  All projects are up-to-date for restore.
  Domain -> C:\Users\Workstation\hotel\backend\artifacts\bin\Domain\debug\CleanArchitecture.Domain.dll
  ServiceDefaults -> C:\Users\Workstation\hotel\backend\artifacts\bin\ServiceDefaults\debug\CleanArchitecture.ServiceDefaults.dll
  Infrastructure.IntegrationTests -> C:\Users\Workstation\hotel\backend\artifacts\bin\Infrastructure.IntegrationTests\debug\CleanArchitecture.Infrastructure.IntegrationTests.dll
  SpecFlowFeatureFiles: Features\Login.feature
  -> Using default config
  SpecFlowGeneratedFiles: Features\Login.feature.cs
  Web.AcceptanceTests -> C:\Users\Workstation\hotel\backend\artifacts\bin\Web.AcceptanceTests\debug\CleanArchitecture.Web.AcceptanceTests.dll
C:\Users\Workstation\hotel\backend\src\Application\Reservations\Queries\GetConfirmationPlan\GetConfirmationPlanQuery.cs(181,44): error CS0029: Cannot implicitly convert type 'int' to 'System.Guid?' [C:\Users\Workstation\hotel\backend\src\Application\Application.csproj]
C:\Users\Workstation\hotel\backend\src\Application\Reservations\Queries\GetConfirmationPlan\GetConfirmationPlanQuery.cs(189,57): error CS0019: Operator '==' cannot be applied to operands of type 'int' and 'Guid?' [C:\Users\Workstation\hotel\backend\src\Application\Application.csproj]
  Domain.UnitTests -> C:\Users\Workstation\hotel\backend\artifacts\bin\Domain.UnitTests\debug\CleanArchitecture.Domain.UnitTests.dll

Build FAILED.

C:\Users\Workstation\hotel\backend\src\Application\Reservations\Queries\GetConfirmationPlan\GetConfirmationPlanQuery.cs(181,44): error CS0029: Cannot implicitly convert type 'int' to 'System.Guid?' [C:\Users\Workstation\hotel\backend\src\Application\Application.csproj]
C:\Users\Workstation\hotel\backend\src\Application\Reservations\Queries\GetConfirmationPlan\GetConfirmationPlanQuery.cs(189,57): error CS0019: Operator '==' cannot be applied to operands of type 'int' and 'Guid?' [C:\Users\Workstation\hotel\backend\src\Application\Application.csproj]
    0 Warning(s)
    2 Error(s)

Time Elapsed 00:00:21.62
