  Determining projects to restore...
  All projects are up-to-date for restore.
  SpecFlowFeatureFiles: Features\Login.feature
  -> Using default config
  SpecFlowGeneratedFiles: Features\Login.feature.cs
  Domain -> C:\Users\Workstation\hotel\backend\artifacts\bin\Domain\debug\CleanArchitecture.Domain.dll
  Infrastructure.IntegrationTests -> C:\Users\Workstation\hotel\backend\artifacts\bin\Infrastructure.IntegrationTests\debug\CleanArchitecture.Infrastructure.IntegrationTests.dll
  ServiceDefaults -> C:\Users\Workstation\hotel\backend\artifacts\bin\ServiceDefaults\debug\CleanArchitecture.ServiceDefaults.dll
  Web.AcceptanceTests -> C:\Users\Workstation\hotel\backend\artifacts\bin\Web.AcceptanceTests\debug\CleanArchitecture.Web.AcceptanceTests.dll
  Domain.UnitTests -> C:\Users\Workstation\hotel\backend\artifacts\bin\Domain.UnitTests\debug\CleanArchitecture.Domain.UnitTests.dll
C:\Users\Workstation\hotel\backend\src\Application\Reservations\Commands\PdfUpload\CreatePendingReservationFromPdfCommand.cs(5,17): error CS0234: The type or namespace name 'AspNetCore' does not exist in the namespace 'Microsoft' (are you missing an assembly reference?) [C:\Users\Workstation\hotel\backend\src\Application\Application.csproj]
C:\Users\Workstation\hotel\backend\src\Application\Reservations\Commands\PdfUpload\CreatePendingReservationFromPdfCommand.cs(11,12): error CS0246: The type or namespace name 'IFormFile' could not be found (are you missing a using directive or an assembly reference?) [C:\Users\Workstation\hotel\backend\src\Application\Application.csproj]

Build FAILED.

C:\Users\Workstation\hotel\backend\src\Application\Reservations\Commands\PdfUpload\CreatePendingReservationFromPdfCommand.cs(5,17): error CS0234: The type or namespace name 'AspNetCore' does not exist in the namespace 'Microsoft' (are you missing an assembly reference?) [C:\Users\Workstation\hotel\backend\src\Application\Application.csproj]
C:\Users\Workstation\hotel\backend\src\Application\Reservations\Commands\PdfUpload\CreatePendingReservationFromPdfCommand.cs(11,12): error CS0246: The type or namespace name 'IFormFile' could not be found (are you missing a using directive or an assembly reference?) [C:\Users\Workstation\hotel\backend\src\Application\Application.csproj]
    0 Warning(s)
    2 Error(s)

Time Elapsed 00:00:15.35
