  Determining projects to restore...
  All projects are up-to-date for restore.
  Infrastructure.IntegrationTests -> C:\Users\Workstation\hotel\backend\artifacts\bin\Infrastructure.IntegrationTests\debug\CleanArchitecture.Infrastructure.IntegrationTests.dll
Test run for C:\Users\Workstation\hotel\backend\artifacts\bin\Infrastructure.IntegrationTests\debug\CleanArchitecture.Infrastructure.IntegrationTests.dll (.NETCoreApp,Version=v10.0)
VSTest version 18.0.1 (x64)

Starting test execution, please wait...
A total of 1 test files matched the specified pattern.
NUnit Adapter 5.2.0.0: Test execution started
Running selected tests in C:\Users\Workstation\hotel\backend\artifacts\bin\Infrastructure.IntegrationTests\debug\CleanArchitecture.Infrastructure.IntegrationTests.dll
   NUnit3TestExecutor discovered 0 of 0 NUnit test cases using Current Discovery mode, Explicit run
NUnit Adapter 5.2.0.0: Test execution complete
No test matches the given testcase filter `CleanArchitecture.Application.FunctionalTests.Reservations.ReservationsTests` in C:\Users\Workstation\hotel\backend\artifacts\bin\Infrastructure.IntegrationTests\debug\CleanArchitecture.Infrastructure.IntegrationTests.dll

  SpecFlowFeatureFiles: Features\Login.feature
  -> Using default config
  SpecFlowGeneratedFiles: Features\Login.feature.cs
  Domain -> C:\Users\Workstation\hotel\backend\artifacts\bin\Domain\debug\CleanArchitecture.Domain.dll
  Application -> C:\Users\Workstation\hotel\backend\artifacts\bin\Application\debug\CleanArchitecture.Application.dll
  Web.AcceptanceTests -> C:\Users\Workstation\hotel\backend\artifacts\bin\Web.AcceptanceTests\debug\CleanArchitecture.Web.AcceptanceTests.dll
Test run for C:\Users\Workstation\hotel\backend\artifacts\bin\Web.AcceptanceTests\debug\CleanArchitecture.Web.AcceptanceTests.dll (.NETCoreApp,Version=v10.0)
VSTest version 18.0.1 (x64)

Starting test execution, please wait...
A total of 1 test files matched the specified pattern.
NUnit Adapter 5.2.0.0: Test execution started
Running selected tests in C:\Users\Workstation\hotel\backend\artifacts\bin\Web.AcceptanceTests\debug\CleanArchitecture.Web.AcceptanceTests.dll
   NUnit3TestExecutor discovered 0 of 0 NUnit test cases using Current Discovery mode, Explicit run
NUnit Adapter 5.2.0.0: Test execution complete
No test matches the given testcase filter `CleanArchitecture.Application.FunctionalTests.Reservations.ReservationsTests` in C:\Users\Workstation\hotel\backend\artifacts\bin\Web.AcceptanceTests\debug\CleanArchitecture.Web.AcceptanceTests.dll

  Infrastructure -> C:\Users\Workstation\hotel\backend\artifacts\bin\Infrastructure\debug\CleanArchitecture.Infrastructure.dll
  ServiceDefaults -> C:\Users\Workstation\hotel\backend\artifacts\bin\ServiceDefaults\debug\CleanArchitecture.ServiceDefaults.dll
  Domain.UnitTests -> C:\Users\Workstation\hotel\backend\artifacts\bin\Domain.UnitTests\debug\CleanArchitecture.Domain.UnitTests.dll
Test run for C:\Users\Workstation\hotel\backend\artifacts\bin\Domain.UnitTests\debug\CleanArchitecture.Domain.UnitTests.dll (.NETCoreApp,Version=v10.0)
VSTest version 18.0.1 (x64)

Starting test execution, please wait...
A total of 1 test files matched the specified pattern.
NUnit Adapter 5.2.0.0: Test execution started
Running selected tests in C:\Users\Workstation\hotel\backend\artifacts\bin\Domain.UnitTests\debug\CleanArchitecture.Domain.UnitTests.dll
  Application.UnitTests -> C:\Users\Workstation\hotel\backend\artifacts\bin\Application.UnitTests\debug\CleanArchitecture.Application.UnitTests.dll
Test run for C:\Users\Workstation\hotel\backend\artifacts\bin\Application.UnitTests\debug\CleanArchitecture.Application.UnitTests.dll (.NETCoreApp,Version=v10.0)
   NUnit3TestExecutor discovered 0 of 0 NUnit test cases using Current Discovery mode, Explicit run
NUnit Adapter 5.2.0.0: Test execution complete
No test matches the given testcase filter `CleanArchitecture.Application.FunctionalTests.Reservations.ReservationsTests` in C:\Users\Workstation\hotel\backend\artifacts\bin\Domain.UnitTests\debug\CleanArchitecture.Domain.UnitTests.dll
VSTest version 18.0.1 (x64)


Starting test execution, please wait...
A total of 1 test files matched the specified pattern.
NUnit Adapter 5.2.0.0: Test execution started
Running selected tests in C:\Users\Workstation\hotel\backend\artifacts\bin\Application.UnitTests\debug\CleanArchitecture.Application.UnitTests.dll
   NUnit3TestExecutor discovered 0 of 0 NUnit test cases using Current Discovery mode, Explicit run
NUnit Adapter 5.2.0.0: Test execution complete
No test matches the given testcase filter `CleanArchitecture.Application.FunctionalTests.Reservations.ReservationsTests` in C:\Users\Workstation\hotel\backend\artifacts\bin\Application.UnitTests\debug\CleanArchitecture.Application.UnitTests.dll

  Web -> C:\Users\Workstation\hotel\backend\artifacts\bin\Web\debug\CleanArchitecture.Web.dll
  NSwag command line tool for .NET Core Net100, toolchain v14.6.2.0 (NJsonSchema v11.5.2.0 (Newtonsoft.Json v13.0.0.0))
  Visit http://NSwag.org for more information.
  NSwag bin directory: C:\Users\Workstation\.nuget\packages\nswag.msbuild\14.6.2\tools\Net100
  
  Executing file 'config.nswag' with variables 'Configuration=Debug'...
  Launcher directory: C:\Users\Workstation\.nuget\packages\nswag.msbuild\14.6.2\tools\Net100
  warn: LuckyPennySoftware.MediatR.License[0]
        You do not have a valid license key for the Lucky Penny software MediatR. This is allowed for development and testing scenarios. If you are running in production you are required to have a licensed version. Please visit https://luckypennysoftware.com to obtain a valid license.
  Done.
  
  Duration: 00:00:17.4175110
  Application.FunctionalTests -> C:\Users\Workstation\hotel\backend\artifacts\bin\Application.FunctionalTests\debug\CleanArchitecture.Application.FunctionalTests.dll
Test run for C:\Users\Workstation\hotel\backend\artifacts\bin\Application.FunctionalTests\debug\CleanArchitecture.Application.FunctionalTests.dll (.NETCoreApp,Version=v10.0)
VSTest version 18.0.1 (x64)

Starting test execution, please wait...
A total of 1 test files matched the specified pattern.
NUnit Adapter 5.2.0.0: Test execution started
Running selected tests in C:\Users\Workstation\hotel\backend\artifacts\bin\Application.FunctionalTests\debug\CleanArchitecture.Application.FunctionalTests.dll
   NUnit3TestExecutor discovered 7 of 7 NUnit test cases using Current Discovery mode, Non-Explicit run
  Passed ShouldCancelReservation [4 s]
  Passed ShouldCreateReservationWithMultiRoom [1 s]
  Passed ShouldCreateReservationWithOneLine [207 ms]
NUnit Adapter 5.2.0.0: Test execution complete
  Failed ShouldGetReservationByIdWithLines [256 ms]
  Error Message:
   Microsoft.EntityFrameworkCore.DbUpdateException : An error occurred while saving the entity changes. See the inner exception for details.
  ----> Microsoft.Data.Sqlite.SqliteException : SQLite Error 19: 'UNIQUE constraint failed: RoomTypes.Id'.
  Stack Trace:
     at Microsoft.EntityFrameworkCore.Update.ReaderModificationCommandBatch.ExecuteAsync(IRelationalConnection connection, CancellationToken cancellationToken)
   at Microsoft.EntityFrameworkCore.Update.Internal.BatchExecutor.ExecuteAsync(IEnumerable`1 commandBatches, IRelationalConnection connection, CancellationToken cancellationToken)
   at Microsoft.EntityFrameworkCore.Update.Internal.BatchExecutor.ExecuteAsync(IEnumerable`1 commandBatches, IRelationalConnection connection, CancellationToken cancellationToken)
   at Microsoft.EntityFrameworkCore.Update.Internal.BatchExecutor.ExecuteAsync(IEnumerable`1 commandBatches, IRelationalConnection connection, CancellationToken cancellationToken)
   at Microsoft.EntityFrameworkCore.Storage.RelationalDatabase.SaveChangesAsync(IList`1 entries, CancellationToken cancellationToken)
   at Microsoft.EntityFrameworkCore.ChangeTracking.Internal.StateManager.SaveChangesAsync(IList`1 entriesToSave, CancellationToken cancellationToken)
   at Microsoft.EntityFrameworkCore.ChangeTracking.Internal.StateManager.SaveChangesAsync(StateManager stateManager, Boolean acceptAllChangesOnSuccess, CancellationToken cancellationToken)
   at Microsoft.EntityFrameworkCore.DbContext.SaveChangesAsync(Boolean acceptAllChangesOnSuccess, CancellationToken cancellationToken)
   at Microsoft.EntityFrameworkCore.DbContext.SaveChangesAsync(Boolean acceptAllChangesOnSuccess, CancellationToken cancellationToken)
   at CleanArchitecture.Application.FunctionalTests.Testing.AddAsync[TEntity](TEntity entity) in C:\Users\Workstation\hotel\backend\tests\Application.FunctionalTests\Testing.cs:line 133
   at CleanArchitecture.Application.FunctionalTests.Reservations.ReservationsTests.ShouldGetReservationByIdWithLines() in C:\Users\Workstation\hotel\backend\tests\Application.FunctionalTests\Reservations\ReservationsTests.cs:line 233
   at NUnit.Framework.Internal.TaskAwaitAdapter.GenericAdapter`1.GetResult()
   at NUnit.Framework.Internal.AsyncToSyncAdapter.Await[TResult](TestExecutionContext context, Func`1 invoke)
   at NUnit.Framework.Internal.AsyncToSyncAdapter.Await(TestExecutionContext context, Func`1 invoke)
   at NUnit.Framework.Internal.Commands.TestMethodCommand.RunTestMethod(TestExecutionContext context)
   at NUnit.Framework.Internal.Commands.TestMethodCommand.Execute(TestExecutionContext context)
   at NUnit.Framework.Internal.Commands.BeforeAndAfterTestCommand.<>c__DisplayClass1_0.<Execute>b__0()
   at NUnit.Framework.Internal.Commands.DelegatingTestCommand.RunTestMethodInThreadAbortSafeZone(TestExecutionContext context, Action action)
--SqliteException
   at Microsoft.Data.Sqlite.SqliteException.ThrowExceptionForRC(Int32 rc, sqlite3 db)
   at Microsoft.Data.Sqlite.SqliteDataReader.NextResult()
   at Microsoft.Data.Sqlite.SqliteCommand.ExecuteReader(CommandBehavior behavior)
   at Microsoft.Data.Sqlite.SqliteCommand.ExecuteReaderAsync(CommandBehavior behavior, CancellationToken cancellationToken)
   at Microsoft.Data.Sqlite.SqliteCommand.ExecuteDbDataReaderAsync(CommandBehavior behavior, CancellationToken cancellationToken)
   at Microsoft.EntityFrameworkCore.Storage.RelationalCommand.ExecuteReaderAsync(RelationalCommandParameterObject parameterObject, CancellationToken cancellationToken)
   at Microsoft.EntityFrameworkCore.Storage.RelationalCommand.ExecuteReaderAsync(RelationalCommandParameterObject parameterObject, CancellationToken cancellationToken)
   at Microsoft.EntityFrameworkCore.Update.ReaderModificationCommandBatch.ExecuteAsync(IRelationalConnection connection, CancellationToken cancellationToken)
1)    at Microsoft.EntityFrameworkCore.Update.ReaderModificationCommandBatch.ExecuteAsync(IRelationalConnection connection, CancellationToken cancellationToken)
   at Microsoft.EntityFrameworkCore.Update.Internal.BatchExecutor.ExecuteAsync(IEnumerable`1 commandBatches, IRelationalConnection connection, CancellationToken cancellationToken)
   at Microsoft.EntityFrameworkCore.Update.Internal.BatchExecutor.ExecuteAsync(IEnumerable`1 commandBatches, IRelationalConnection connection, CancellationToken cancellationToken)
   at Microsoft.EntityFrameworkCore.Update.Internal.BatchExecutor.ExecuteAsync(IEnumerable`1 commandBatches, IRelationalConnection connection, CancellationToken cancellationToken)
   at Microsoft.EntityFrameworkCore.Storage.RelationalDatabase.SaveChangesAsync(IList`1 entries, CancellationToken cancellationToken)
   at Microsoft.EntityFrameworkCore.ChangeTracking.Internal.StateManager.SaveChangesAsync(IList`1 entriesToSave, CancellationToken cancellationToken)
   at Microsoft.EntityFrameworkCore.ChangeTracking.Internal.StateManager.SaveChangesAsync(StateManager stateManager, Boolean acceptAllChangesOnSuccess, CancellationToken cancellationToken)
   at Microsoft.EntityFrameworkCore.DbContext.SaveChangesAsync(Boolean acceptAllChangesOnSuccess, CancellationToken cancellationToken)
   at Microsoft.EntityFrameworkCore.DbContext.SaveChangesAsync(Boolean acceptAllChangesOnSuccess, CancellationToken cancellationToken)
   at CleanArchitecture.Application.FunctionalTests.Testing.AddAsync[TEntity](TEntity entity) in C:\Users\Workstation\hotel\backend\tests\Application.FunctionalTests\Testing.cs:line 133
   at CleanArchitecture.Application.FunctionalTests.Reservations.ReservationsTests.ShouldGetReservationByIdWithLines() in C:\Users\Workstation\hotel\backend\tests\Application.FunctionalTests\Reservations\ReservationsTests.cs:line 233
   at NUnit.Framework.Internal.TaskAwaitAdapter.GenericAdapter`1.GetResult()
   at NUnit.Framework.Internal.AsyncToSyncAdapter.Await[TResult](TestExecutionContext context, Func`1 invoke)
   at NUnit.Framework.Internal.AsyncToSyncAdapter.Await(TestExecutionContext context, Func`1 invoke)
   at NUnit.Framework.Internal.Commands.TestMethodCommand.RunTestMethod(TestExecutionContext context)
   at NUnit.Framework.Internal.Commands.TestMethodCommand.Execute(TestExecutionContext context)
   at NUnit.Framework.Internal.Commands.BeforeAndAfterTestCommand.<>c__DisplayClass1_0.<Execute>b__0()
   at NUnit.Framework.Internal.Commands.DelegatingTestCommand.RunTestMethodInThreadAbortSafeZone(TestExecutionContext context, Action action)
--SqliteException
   at Microsoft.Data.Sqlite.SqliteException.ThrowExceptionForRC(Int32 rc, sqlite3 db)
   at Microsoft.Data.Sqlite.SqliteDataReader.NextResult()
   at Microsoft.Data.Sqlite.SqliteCommand.ExecuteReader(CommandBehavior behavior)
   at Microsoft.Data.Sqlite.SqliteCommand.ExecuteReaderAsync(CommandBehavior behavior, CancellationToken cancellationToken)
   at Microsoft.Data.Sqlite.SqliteCommand.ExecuteDbDataReaderAsync(CommandBehavior behavior, CancellationToken cancellationToken)
   at Microsoft.EntityFrameworkCore.Storage.RelationalCommand.ExecuteReaderAsync(RelationalCommandParameterObject parameterObject, CancellationToken cancellationToken)
   at Microsoft.EntityFrameworkCore.Storage.RelationalCommand.ExecuteReaderAsync(RelationalCommandParameterObject parameterObject, CancellationToken cancellationToken)
   at Microsoft.EntityFrameworkCore.Update.ReaderModificationCommandBatch.ExecuteAsync(IRelationalConnection connection, CancellationToken cancellationToken)

  Passed ShouldRequireMinimumAuthentication [69 ms]
  Passed ShouldReturnBadRequestWhenOverlapping [265 ms]
  Passed ShouldSucceedWhenOverlapWithCancelled [179 ms]

Total tests: 7
     Passed: 6
     Failed: 1
 Total time: 16.3233 Seconds
